Archive member included to satisfy reference by file (symbol)

/opt/devkitpro/libctru/lib/libcitro2d.a(base.o)
                              main.o (C2D_Init)
/opt/devkitpro/libctru/lib/libcitro2d.a(text.o)
                              game.o (C2D_TextBufNew)
/opt/devkitpro/libctru/lib/libcitro2d.a(render2d_shbin.o)
                              /opt/devkitpro/libctru/lib/libcitro2d.a(base.o) (render2d_shbin)
/opt/devkitpro/libctru/lib/libcitro2d.a(font.o)
                              /opt/devkitpro/libctru/lib/libcitro2d.a(text.o) (C2D_FontGlyphIndexFromCodePoint)
/opt/devkitpro/libctru/lib/libcitro3d.a(attribs.o)
                              /opt/devkitpro/libctru/lib/libcitro2d.a(base.o) (AttrInfo_Init)
/opt/devkitpro/libctru/lib/libcitro3d.a(base.o)
                              /opt/devkitpro/libctru/lib/libcitro3d.a(attribs.o) (__C3D_Context)
/opt/devkitpro/libctru/lib/libcitro3d.a(buffers.o)
                              /opt/devkitpro/libctru/lib/libcitro2d.a(base.o) (BufInfo_Init)
/opt/devkitpro/libctru/lib/libcitro3d.a(drawElements.o)
                              /opt/devkitpro/libctru/lib/libcitro2d.a(base.o) (C3D_DrawElements)
/opt/devkitpro/libctru/lib/libcitro3d.a(effect.o)
                              /opt/devkitpro/libctru/lib/libcitro3d.a(base.o) (C3D_DepthMap)
/opt/devkitpro/libctru/lib/libcitro3d.a(framebuffer.o)
                              /opt/devkitpro/libctru/lib/libcitro3d.a(base.o) (C3Di_FrameBufBind)
/opt/devkitpro/libctru/lib/libcitro3d.a(immediate.o)
                              /opt/devkitpro/libctru/lib/libcitro3d.a(base.o) (C3D_ImmSendAttrib)
/opt/devkitpro/libctru/lib/libcitro3d.a(proctex.o)
                              /opt/devkitpro/libctru/lib/libcitro2d.a(base.o) (C3D_ProcTexInit)
/opt/devkitpro/libctru/lib/libcitro3d.a(renderqueue.o)
                              /opt/devkitpro/libctru/lib/libcitro3d.a(base.o) (C3Di_RenderQueueEnableVBlank)
/opt/devkitpro/libctru/lib/libcitro3d.a(texenv.o)
                              /opt/devkitpro/libctru/lib/libcitro2d.a(base.o) (C3D_GetTexEnv)
/opt/devkitpro/libctru/lib/libcitro3d.a(texture.o)
                              /opt/devkitpro/libctru/lib/libcitro2d.a(base.o) (C3D_TexBind)
/opt/devkitpro/libctru/lib/libcitro3d.a(uniforms.o)
                              /opt/devkitpro/libctru/lib/libcitro3d.a(base.o) (C3D_UpdateUniforms)
/opt/devkitpro/libctru/lib/libcitro3d.a(mtx_multiply.o)
                              /opt/devkitpro/libctru/lib/libcitro2d.a(base.o) (Mtx_Multiply)
/opt/devkitpro/libctru/lib/libcitro3d.a(mtx_ortho.o)
                              /opt/devkitpro/libctru/lib/libcitro2d.a(base.o) (Mtx_Ortho)
/opt/devkitpro/libctru/lib/libcitro3d.a(mtx_orthotilt.o)
                              /opt/devkitpro/libctru/lib/libcitro2d.a(base.o) (Mtx_OrthoTilt)
/opt/devkitpro/libctru/lib/libcitro3d.a(mtx_rotatez.o)
                              /opt/devkitpro/libctru/lib/libcitro2d.a(base.o) (Mtx_RotateZ)
/opt/devkitpro/libctru/lib/libcitro3d.a(mtx_scale.o)
                              /opt/devkitpro/libctru/lib/libcitro2d.a(base.o) (Mtx_Scale)
/opt/devkitpro/libctru/lib/libcitro3d.a(mtx_translate.o)
                              /opt/devkitpro/libctru/lib/libcitro2d.a(base.o) (Mtx_Translate)
/opt/devkitpro/libctru/lib/libctru.a(linear.o)
                              /opt/devkitpro/libctru/lib/libcitro2d.a(base.o) (linearAlloc)
/opt/devkitpro/libctru/lib/libctru.a(mem_pool.o)
                              /opt/devkitpro/libctru/lib/libctru.a(linear.o) (_ZN7MemPool8AllocateER8MemChunkmi)
/opt/devkitpro/libctru/lib/libctru.a(vram.o)
                              /opt/devkitpro/libctru/lib/libcitro3d.a(renderqueue.o) (vramAlloc)
/opt/devkitpro/libctru/lib/libctru.a(font.o)
                              /opt/devkitpro/libctru/lib/libcitro2d.a(text.o) (fontEnsureMapped)
/opt/devkitpro/libctru/lib/libctru.a(gfx.o)
                              /opt/devkitpro/libctru/lib/libcitro2d.a(base.o) (gfxIsWide)
/opt/devkitpro/libctru/lib/libctru.a(os.o)
                              /opt/devkitpro/libctru/lib/libcitro3d.a(buffers.o) (osConvertVirtToPhys)
/opt/devkitpro/libctru/lib/libctru.a(romfs_dev.o)
                              /opt/devkitpro/libctru/lib/libcitro2d.a(font.o) (romfsMountFromTitle)
/opt/devkitpro/libctru/lib/libctru.a(gpu.o)
                              /opt/devkitpro/libctru/lib/libcitro3d.a(renderqueue.o) (gpuCmdBuf)
/opt/devkitpro/libctru/lib/libctru.a(gx.o)
                              /opt/devkitpro/libctru/lib/libcitro3d.a(renderqueue.o) (GX_BindQueue)
/opt/devkitpro/libctru/lib/libctru.a(gxqueue.o)
                              /opt/devkitpro/libctru/lib/libcitro3d.a(renderqueue.o) (gxCmdQueueClear)
/opt/devkitpro/libctru/lib/libctru.a(shaderProgram.o)
                              /opt/devkitpro/libctru/lib/libcitro2d.a(base.o) (shaderInstanceGetUniformLocation)
/opt/devkitpro/libctru/lib/libctru.a(shbin.o)
                              /opt/devkitpro/libctru/lib/libcitro2d.a(base.o) (DVLB_ParseFile)
[...]
Memory Configuration

Name             Origin             Length             Attributes
*default*        0x00000000         0xffffffff

Linker script and memory map

                0x00000000                        __sync_synchronize = __sync_synchronize_dmb
                0x00100000                        PROVIDE (__start__ = 0x100000)
                0x00100000                        . = __start__

.text           0x00100000    0x14ae8
 *(.crt0)
 .crt0          0x00100000       0x94 /opt/devkitpro/devkitARM/lib/gcc/arm-none-eabi/15.2.0/../../../../arm-none-eabi/lib/armv6k/fpu/3dsx_crt0.o
                0x00100000                _start
                0x00100008                __service_ptr
                0x0010000c                __apt_appid
                0x00100010                __heap_size
                0x00100014                __linear_heap_size
                0x00100018                __system_arglist
                0x0010001c                __system_runflags
 *(.init)
 .init          0x00100094        0xc /opt/devkitpro/devkitARM/lib/gcc/arm-none-eabi/15.2.0/armv6k/fpu/crti.o
                0x00100094                _init
 .init          0x001000a0        0xc /opt/devkitpro/devkitARM/lib/gcc/arm-none-eabi/15.2.0/armv6k/fpu/crtn.o
                0x001000ac                        . = ALIGN (0x4)
 *(.text)
 .text          0x001000ac      0x20c /opt/devkitpro/devkitARM/lib/gcc/arm-none-eabi/15.2.0/armv6k/fpu/libgcc.a(_udivsi3.o)
                0x001000ac                __udivsi3
                0x001000ac                __aeabi_uidiv
                0x00100298                __aeabi_uidivmod
 .text          0x001002b8      0x240 /opt/devkitpro/devkitARM/lib/gcc/arm-none-eabi/15.2.0/armv6k/fpu/libgcc.a(_divsi3.o)
                0x001002b8                __aeabi_idiv
                0x001002b8                __divsi3
                0x001004d8                __aeabi_idivmod
 .text          0x001004f8        0x4 /opt/devkitpro/devkitARM/lib/gcc/arm-none-eabi/15.2.0/armv6k/fpu/libgcc.a(_dvmd_tls.o)
                0x001004f8                __aeabi_ldiv0
                0x001004f8                __aeabi_idiv0
 *fill*         0x001004fc        0x4 
 .text          0x00100500      0x390 /opt/devkitpro/devkitARM/lib/gcc/arm-none-eabi/15.2.0/../../../../arm-none-eabi/lib/armv6k/fpu/libg.a(libc_a-strcmp.o)
                0x00100508                strcmp
 *(.text.*)
 .text.__do_global_dtors_aux
                0x00100890       0x50 /opt/devkitpro/devkitARM/lib/gcc/arm-none-eabi/15.2.0/armv6k/fpu/crtbegin.o
 .text.frame_dummy
                0x001008e0       0x2c /opt/devkitpro/devkitARM/lib/gcc/arm-none-eabi/15.2.0/armv6k/fpu/crtbegin.o
 .text._Z9dropPieceii
                0x0010090c       0x68 game.o
                0x0010090c                _Z9dropPieceii
 .text._Z8checkWini
                0x00100974      0x194 game.o
                0x00100974                _Z8checkWini
 .text._Z11isBoardFullv
                0x00100b08       0x2c game.o
                0x00100b08                _Z11isBoardFullv
 .text._Z15evaluate_windowPii
                0x00100b34       0xa8 game.o
                0x00100b34                _Z15evaluate_windowPii
 .text._Z14score_positioni
                0x00100bdc      0x1c8 game.o
                0x00100bdc                _Z14score_positioni
 .text._Z7minimaxiiib
                0x00100da4      0x298 game.o
                0x00100da4                _Z7minimaxiiib
 .text._Z13getBestAIMovev
                0x0010103c       0xfc game.o
                0x0010103c                _Z13getBestAIMovev
 .text._Z8initGamev
                0x00101138       0x94 game.o
                0x00101138                _Z8initGamev
 .text._Z14resetGameBoardv
                0x001011cc       0x4c game.o
                0x001011cc                _Z14resetGameBoardv
 .text._Z10updateGamem13touchPosition
                0x00101218      0x360 game.o
                0x00101218                _Z10updateGamem13touchPosition
 .text._Z11drawGameTopP20C3D_RenderTarget_tag
                0x00101578      0x3b0 game.o
                0x00101578                _Z11drawGameTopP20C3D_RenderTarget_tag
 .text._Z14drawGameBottomP20C3D_RenderTarget_tag
                0x00101928      0x17c game.o
                0x00101928                _Z14drawGameBottomP20C3D_RenderTarget_tag
 .text.startup.main
                0x00101aa4      0x328 main.o
                0x00101aa4                main
 .text._Z8initMenuv
                0x00101dcc       0x98 menu.o
                0x00101dcc                _Z8initMenuv
 .text._Z11drawMenuTopP20C3D_RenderTarget_tag
                0x00101e64      0x1a4 menu.o
                0x00101e64                _Z11drawMenuTopP20C3D_RenderTarget_tag
 .text._Z14drawMenuBottomP20C3D_RenderTarget_tag
                0x00102008      0x2bc menu.o
                0x00102008                _Z14drawMenuBottomP20C3D_RenderTarget_tag
 .text._Z10updateMenum13touchPosition
                0x001022c4       0xc8 menu.o
                0x001022c4                _Z10updateMenum13touchPosition
 .text._Z15initMultiplayerv
                0x0010238c       0x98 multiplayer.o
                0x0010238c                _Z15initMultiplayerv
 .text._Z21resetMultiplayerBoardv
                0x00102424       0x58 multiplayer.o
                0x00102424                _Z21resetMultiplayerBoardv
 .text._Z17updateMultiplayerm13touchPosition
                0x0010247c      0x238 multiplayer.o
                0x0010247c                _Z17updateMultiplayerm13touchPosition
 .text._Z18drawMultiplayerTopP20C3D_RenderTarget_tag
                0x001026b4      0x3a8 multiplayer.o
                0x001026b4                _Z18drawMultiplayerTopP20C3D_RenderTarget_tag
 .text._Z21drawMultiplayerBottomP20C3D_RenderTarget_tag
                0x00102a5c      0x17c multiplayer.o
                0x00102a5c                _Z21drawMultiplayerBottomP20C3D_RenderTarget_tag
 .text.C2Di_FrameEndHook
                0x00102bd8       0x44 /opt/devkitpro/libctru/lib/libcitro2d.a(base.o)
 .text.C2D_Init
                0x00102c1c      0x368 /opt/devkitpro/libctru/lib/libcitro2d.a(base.o)
                0x00102c1c                C2D_Init
 .text.C2D_Fini
                0x00102f84       0x4c /opt/devkitpro/libctru/lib/libcitro2d.a(base.o)
                0x00102f84                C2D_Fini
 .text.C2D_Prepare
                0x00102fd0       0xbc /opt/devkitpro/libctru/lib/libcitro2d.a(base.o)
                0x00102fd0                C2D_Prepare
 .text.C2D_Flush
                0x0010308c       0x48 /opt/devkitpro/libctru/lib/libcitro2d.a(base.o)
                0x0010308c                C2D_Flush
 .text.C2D_SceneSize
                0x001030d4       0xfc /opt/devkitpro/libctru/lib/libcitro2d.a(base.o)
                0x001030d4                C2D_SceneSize
 .text.C2D_CreateScreenTarget
                0x001031d0       0x60 /opt/devkitpro/libctru/lib/libcitro2d.a(base.o)
                0x001031d0                C2D_CreateScreenTarget
 .text.C2D_TargetClear
                0x00103230       0x60 /opt/devkitpro/libctru/lib/libcitro2d.a(base.o)
                0x00103230                C2D_TargetClear
 .text.C2Di_AppendQuad
                0x00103290       0x54 /opt/devkitpro/libctru/lib/libcitro2d.a(base.o)
                0x00103290                C2Di_AppendQuad
 .text.C2Di_AppendVtx
                0x001032e4       0x40 /opt/devkitpro/libctru/lib/libcitro2d.a(base.o)
                0x001032e4                C2Di_AppendVtx
 .text.C2Di_Update
                0x00103324      0x738 /opt/devkitpro/libctru/lib/libcitro2d.a(base.o)
                0x00103324                C2Di_Update
 .text.C2D_DrawTriangle
                0x00103a5c      0x16c /opt/devkitpro/libctru/lib/libcitro2d.a(base.o)
                0x00103a5c                C2D_DrawTriangle
 .text.C2D_DrawRectangle
                0x00103bc8      0x168 /opt/devkitpro/libctru/lib/libcitro2d.a(base.o)
                0x00103bc8                C2D_DrawRectangle
 .text.C2D_DrawEllipse
                0x00103d30      0x174 /opt/devkitpro/libctru/lib/libcitro2d.a(base.o)
                0x00103d30                C2D_DrawEllipse
 .text.C2Di_CalcLineWidths
                0x00103ea4      0x180 /opt/devkitpro/libctru/lib/libcitro2d.a(text.o)
 .text.C2D_TextBufNew
                0x00104024      0x1d0 /opt/devkitpro/libctru/lib/libcitro2d.a(text.o)
                0x00104024                C2D_TextBufNew
 .text.C2D_TextFontParseLine
                0x001041f4      0x1c4 /opt/devkitpro/libctru/lib/libcitro2d.a(text.o)
                0x001041f4                C2D_TextFontParseLine
 .text.C2D_TextFontParse
                0x001043b8       0xa4 /opt/devkitpro/libctru/lib/libcitro2d.a(text.o)
                0x001043b8                C2D_TextFontParse
 .text.C2D_TextParse
                0x0010445c       0x10 /opt/devkitpro/libctru/lib/libcitro2d.a(text.o)
                0x0010445c                C2D_TextParse
 .text.C2D_DrawText
                0x0010446c      0xfdc /opt/devkitpro/libctru/lib/libcitro2d.a(text.o)
                0x0010446c                C2D_DrawText
 .text.C2D_FontGlyphIndexFromCodePoint
                0x00105448       0x50 /opt/devkitpro/libctru/lib/libcitro2d.a(font.o)
                0x00105448                C2D_FontGlyphIndexFromCodePoint
 .text.C2D_FontCalcGlyphPos
                0x00105498       0x74 /opt/devkitpro/libctru/lib/libcitro2d.a(font.o)
                0x00105498                C2D_FontCalcGlyphPos
 .text.AttrInfo_Init
                0x0010550c       0x28 /opt/devkitpro/libctru/lib/libcitro3d.a(attribs.o)
                0x0010550c                AttrInfo_Init
 .text.AttrInfo_AddLoader
                0x00105534       0x94 /opt/devkitpro/libctru/lib/libcitro3d.a(attribs.o)
                0x00105534                AttrInfo_AddLoader
 .text.C3D_SetAttrInfo
                0x001055c8       0x54 /opt/devkitpro/libctru/lib/libcitro3d.a(attribs.o)
                0x001055c8                C3D_SetAttrInfo
 .text.C3Di_AttrInfoBind
                0x0010561c       0x80 /opt/devkitpro/libctru/lib/libcitro3d.a(attribs.o)
                0x0010561c                C3Di_AttrInfoBind
 .text.C3Di_LightEnvUpdate
                0x0010569c        0x4 /opt/devkitpro/libctru/lib/libcitro3d.a(base.o)
                0x0010569c                C3Di_LightEnvUpdate
 .text.C3Di_LightEnvDirty
                0x001056a0        0x4 /opt/devkitpro/libctru/lib/libcitro3d.a(base.o)
                0x001056a0                C3Di_LightEnvDirty
 .text.C3Di_AptEventHook
                0x001056a4       0xb4 /opt/devkitpro/libctru/lib/libcitro3d.a(base.o)
 .text.C3Di_GasUpdate
                0x00105758        0x4 /opt/devkitpro/libctru/lib/libcitro3d.a(base.o)
                0x00105758                C3Di_GasUpdate
 .text.C3D_Init
                0x0010575c      0x1d0 /opt/devkitpro/libctru/lib/libcitro3d.a(base.o)
                0x0010575c                C3D_Init
 .text.C3D_SetViewport
                0x0010592c       0x98 /opt/devkitpro/libctru/lib/libcitro3d.a(base.o)
                0x0010592c                C3D_SetViewport
 .text.C3Di_UpdateContext
                0x001059c4      0x4e8 /opt/devkitpro/libctru/lib/libcitro3d.a(base.o)
                0x001059c4                C3Di_UpdateContext
 .text.C3Di_SplitFrame
                0x00105eac       0xe0 /opt/devkitpro/libctru/lib/libcitro3d.a(base.o)
                0x00105eac                C3Di_SplitFrame
 .text.C3D_Fini
                0x00105f8c       0x44 /opt/devkitpro/libctru/lib/libcitro3d.a(base.o)
                0x00105f8c                C3D_Fini
 .text.C3D_BindProgram
                0x00105fd0      0x194 /opt/devkitpro/libctru/lib/libcitro3d.a(base.o)
                0x00105fd0                C3D_BindProgram
 .text.BufInfo_Init
                0x00106164       0x24 /opt/devkitpro/libctru/lib/libcitro3d.a(buffers.o)
                0x00106164                BufInfo_Init
 .text.BufInfo_Add
                0x00106188       0x80 /opt/devkitpro/libctru/lib/libcitro3d.a(buffers.o)
                0x00106188                BufInfo_Add
 .text.C3D_SetBufInfo
                0x00106208       0x3c /opt/devkitpro/libctru/lib/libcitro3d.a(buffers.o)
                0x00106208                C3D_SetBufInfo
 .text.C3Di_BufInfoBind
                0x00106244       0x48 /opt/devkitpro/libctru/lib/libcitro3d.a(buffers.o)
                0x00106244                C3Di_BufInfoBind
 .text.C3D_DrawElements
                0x0010628c      0x21c /opt/devkitpro/libctru/lib/libcitro3d.a(drawElements.o)
                0x0010628c                C3D_DrawElements
 .text.C3D_DepthMap
                0x001064a8       0x40 /opt/devkitpro/libctru/lib/libcitro3d.a(effect.o)
                0x001064a8                C3D_DepthMap
 .text.C3D_CullFace
                0x001064e8       0x1c /opt/devkitpro/libctru/lib/libcitro3d.a(effect.o)
                0x001064e8                C3D_CullFace
 .text.C3D_StencilTest
                0x00106504       0x40 /opt/devkitpro/libctru/lib/libcitro3d.a(effect.o)
                0x00106504                C3D_StencilTest
 .text.C3D_StencilOp
                0x00106544       0x24 /opt/devkitpro/libctru/lib/libcitro3d.a(effect.o)
                0x00106544                C3D_StencilOp
 .text.C3D_BlendingColor
                0x00106568       0x1c /opt/devkitpro/libctru/lib/libcitro3d.a(effect.o)
                0x00106568                C3D_BlendingColor
 .text.C3D_EarlyDepthTest
                0x00106584       0x24 /opt/devkitpro/libctru/lib/libcitro3d.a(effect.o)
                0x00106584                C3D_EarlyDepthTest
 .text.C3D_DepthTest
                0x001065a8       0x2c /opt/devkitpro/libctru/lib/libcitro3d.a(effect.o)
                0x001065a8                C3D_DepthTest
 .text.C3D_AlphaTest
                0x001065d4       0x2c /opt/devkitpro/libctru/lib/libcitro3d.a(effect.o)
                0x001065d4                C3D_AlphaTest
 .text.C3D_AlphaBlend
                0x00106600       0x50 /opt/devkitpro/libctru/lib/libcitro3d.a(effect.o)
                0x00106600                C3D_AlphaBlend
 .text.C3D_FragOpMode
                0x00106650       0x30 /opt/devkitpro/libctru/lib/libcitro3d.a(effect.o)
                0x00106650                C3D_FragOpMode
 .text.C3D_FragOpShadow
                0x00106680       0x44 /opt/devkitpro/libctru/lib/libcitro3d.a(effect.o)
                0x00106680                C3D_FragOpShadow
 .text.C3Di_EffectBind
                0x001066c4      0x1ac /opt/devkitpro/libctru/lib/libcitro3d.a(effect.o)
                0x001066c4                C3Di_EffectBind
 .text.C3D_CalcColorBufSize
                0x00106870       0x1c /opt/devkitpro/libctru/lib/libcitro3d.a(framebuffer.o)
                0x00106870                C3D_CalcColorBufSize
 .text.C3D_CalcDepthBufSize
                0x0010688c       0x1c /opt/devkitpro/libctru/lib/libcitro3d.a(framebuffer.o)
                0x0010688c                C3D_CalcDepthBufSize
 .text.C3D_SetFrameBuf
                0x001068a8       0x44 /opt/devkitpro/libctru/lib/libcitro3d.a(framebuffer.o)
                0x001068a8                C3D_SetFrameBuf
 .text.C3Di_FrameBufBind
                0x001068ec      0x16c /opt/devkitpro/libctru/lib/libcitro3d.a(framebuffer.o)
                0x001068ec                C3Di_FrameBufBind
 .text.C3D_FrameBufClear
                0x00106a58       0xc8 /opt/devkitpro/libctru/lib/libcitro3d.a(framebuffer.o)
                0x00106a58                C3D_FrameBufClear
 .text.C3D_FrameBufTransfer
                0x00106b20       0x44 /opt/devkitpro/libctru/lib/libcitro3d.a(framebuffer.o)
                0x00106b20                C3D_FrameBufTransfer
 .text.C3D_ImmSendAttrib
                0x00106b64       0xa8 /opt/devkitpro/libctru/lib/libcitro3d.a(immediate.o)
                0x00106b64                C3D_ImmSendAttrib
 .text.C3D_ProcTexInit
                0x00106c0c       0x70 /opt/devkitpro/libctru/lib/libcitro3d.a(proctex.o)
                0x00106c0c                C3D_ProcTexInit
 .text.C3D_ProcTexBind
                0x00106c7c       0x54 /opt/devkitpro/libctru/lib/libcitro3d.a(proctex.o)
                0x00106c7c                C3D_ProcTexBind
 .text.C3D_ProcTexLutBind
                0x00106cd0       0x5c /opt/devkitpro/libctru/lib/libcitro3d.a(proctex.o)
                0x00106cd0                C3D_ProcTexLutBind
 .text.ProcTexLut_FromArray
                0x00106d2c       0xa4 /opt/devkitpro/libctru/lib/libcitro3d.a(proctex.o)
                0x00106d2c                ProcTexLut_FromArray
 .text.C3Di_ProcTexUpdate
                0x00106dd0      0x178 /opt/devkitpro/libctru/lib/libcitro3d.a(proctex.o)
                0x00106dd0                C3Di_ProcTexUpdate
 .text.C3Di_ProcTexDirty
                0x00106f48       0x68 /opt/devkitpro/libctru/lib/libcitro3d.a(proctex.o)
                0x00106f48                C3Di_ProcTexDirty
 .text.onVBlank0
                0x00106fb0       0x4c /opt/devkitpro/libctru/lib/libcitro3d.a(renderqueue.o)
 .text.onVBlank1
                0x00106ffc       0x4c /opt/devkitpro/libctru/lib/libcitro3d.a(renderqueue.o)
 .text.C3Di_RenderTargetDestroy
                0x00107048       0x80 /opt/devkitpro/libctru/lib/libcitro3d.a(renderqueue.o)
 .text.onQueueFinish
                0x001070c8       0xf4 /opt/devkitpro/libctru/lib/libcitro3d.a(renderqueue.o)
 .text.C3Di_RenderQueueEnableVBlank
                0x001071bc       0x38 /opt/devkitpro/libctru/lib/libcitro3d.a(renderqueue.o)
                0x001071bc                C3Di_RenderQueueEnableVBlank
 .text.C3Di_RenderQueueDisableVBlank
                0x001071f4       0x30 /opt/devkitpro/libctru/lib/libcitro3d.a(renderqueue.o)
                0x001071f4                C3Di_RenderQueueDisableVBlank
 .text.C3Di_RenderQueueInit
                0x00107224       0x60 /opt/devkitpro/libctru/lib/libcitro3d.a(renderqueue.o)
                0x00107224                C3Di_RenderQueueInit
 .text.C3Di_RenderQueueExit
                0x00107284       0xb4 /opt/devkitpro/libctru/lib/libcitro3d.a(renderqueue.o)
                0x00107284                C3Di_RenderQueueExit
 .text.C3Di_RenderQueueWaitDone
                0x00107338       0x34 /opt/devkitpro/libctru/lib/libcitro3d.a(renderqueue.o)
                0x00107338                C3Di_RenderQueueWaitDone
 .text.C3D_FrameBegin
                0x0010736c       0xe8 /opt/devkitpro/libctru/lib/libcitro3d.a(renderqueue.o)
                0x0010736c                C3D_FrameBegin
 .text.C3D_FrameDrawOn
                0x00107454       0x48 /opt/devkitpro/libctru/lib/libcitro3d.a(renderqueue.o)
                0x00107454                C3D_FrameDrawOn
 .text.C3D_FrameSplit
                0x0010749c       0x58 /opt/devkitpro/libctru/lib/libcitro3d.a(renderqueue.o)
                0x0010749c                C3D_FrameSplit
 .text.C3D_FrameEnd
                0x001074f4      0x1d0 /opt/devkitpro/libctru/lib/libcitro3d.a(renderqueue.o)
                0x001074f4                C3D_FrameEnd
 .text.C3D_FrameEndHook
                0x001076c4       0x1c /opt/devkitpro/libctru/lib/libcitro3d.a(renderqueue.o)
                0x001076c4                C3D_FrameEndHook
 .text.C3D_RenderTargetCreate
                0x001076e0      0x170 /opt/devkitpro/libctru/lib/libcitro3d.a(renderqueue.o)
                0x001076e0                C3D_RenderTargetCreate
 .text.C3D_RenderTargetSetOutput
                0x00107850       0xa8 /opt/devkitpro/libctru/lib/libcitro3d.a(renderqueue.o)
                0x00107850                C3D_RenderTargetSetOutput
 .text.C3D_GetTexEnv
                0x001078f8       0x34 /opt/devkitpro/libctru/lib/libcitro3d.a(texenv.o)
                0x001078f8                C3D_GetTexEnv
 .text.C3Di_TexEnvBind
                0x0010792c       0x24 /opt/devkitpro/libctru/lib/libcitro3d.a(texenv.o)
                0x0010792c                C3Di_TexEnvBind
 .text.C3D_TexBind
                0x00107950       0x44 /opt/devkitpro/libctru/lib/libcitro3d.a(texture.o)
                0x00107950                C3D_TexBind
 .text.C3Di_SetTex
                0x00107994      0x14c /opt/devkitpro/libctru/lib/libcitro3d.a(texture.o)
                0x00107994                C3Di_SetTex
 .text.C3D_UpdateUniforms
                0x00107ae0      0x290 /opt/devkitpro/libctru/lib/libcitro3d.a(uniforms.o)
                0x00107ae0                C3D_UpdateUniforms
 .text.C3Di_DirtyUniforms
                0x00107d70       0xc0 /opt/devkitpro/libctru/lib/libcitro3d.a(uniforms.o)
                0x00107d70                C3Di_DirtyUniforms
 .text.C3Di_LoadShaderUniforms
                0x00107e30       0xd8 /opt/devkitpro/libctru/lib/libcitro3d.a(uniforms.o)
                0x00107e30                C3Di_LoadShaderUniforms
 .text.C3Di_ClearShaderUniforms
                0x00107f08       0x28 /opt/devkitpro/libctru/lib/libcitro3d.a(uniforms.o)
                0x00107f08                C3Di_ClearShaderUniforms
 .text.Mtx_Ortho
                0x00107f30       0xcc /opt/devkitpro/libctru/lib/libcitro3d.a(mtx_ortho.o)
                0x00107f30                Mtx_Ortho
 .text.Mtx_OrthoTilt
                0x00107ffc       0xcc /opt/devkitpro/libctru/lib/libcitro3d.a(mtx_orthotilt.o)
                0x00107ffc                Mtx_OrthoTilt
 .text._ZL21addrMapNodeComparatorPK11rbtree_nodeS1_
                0x001080c8       0x24 /opt/devkitpro/libctru/lib/libctru.a(linear.o)
 .text._ZL21addrMapNodeDestructorP11rbtree_node
                0x001080ec        0x4 /opt/devkitpro/libctru/lib/libctru.a(linear.o)
 .text.linearMemAlign
                0x001080f0      0x12c /opt/devkitpro/libctru/lib/libctru.a(linear.o)
                0x001080f0                linearMemAlign
 .text.linearAlloc
                0x0010821c        0x8 /opt/devkitpro/libctru/lib/libctru.a(linear.o)
                0x0010821c                linearAlloc
 .text.linearFree
                0x00108224       0x5c /opt/devkitpro/libctru/lib/libctru.a(linear.o)
                0x00108224                linearFree
 .text._ZN7MemPool13CoalesceRightEP8MemBlock
                0x00108280       0x88 /opt/devkitpro/libctru/lib/libctru.a(mem_pool.o)
                0x00108280                _ZN7MemPool13CoalesceRightEP8MemBlock
 .text._ZN7MemPool8AllocateER8MemChunkmi
                0x00108308      0x178 /opt/devkitpro/libctru/lib/libctru.a(mem_pool.o)
                0x00108308                _ZN7MemPool8AllocateER8MemChunkmi
 .text._ZN7MemPool10DeallocateERK8MemChunk
                0x00108480      0x118 /opt/devkitpro/libctru/lib/libctru.a(mem_pool.o)
                0x00108480                _ZN7MemPool10DeallocateERK8MemChunk
 .text._ZN7MemPool12GetFreeSpaceEv
                0x00108598       0x30 /opt/devkitpro/libctru/lib/libctru.a(mem_pool.o)
                0x00108598                _ZN7MemPool12GetFreeSpaceEv
 .text._ZL21addrMapNodeComparatorPK11rbtree_nodeS1_
                0x001085c8       0x24 /opt/devkitpro/libctru/lib/libctru.a(vram.o)
 .text._ZL21addrMapNodeDestructorP11rbtree_node
                0x001085ec        0x4 /opt/devkitpro/libctru/lib/libctru.a(vram.o)
 .text.vramMemAlignAt
                0x001085f0      0x248 /opt/devkitpro/libctru/lib/libctru.a(vram.o)
                0x001085f0                vramMemAlignAt
 .text.vramAlloc
                0x00108838        0xc /opt/devkitpro/libctru/lib/libctru.a(vram.o)
                0x00108838                vramAlloc
 .text.vramAllocAt
                0x00108844        0xc /opt/devkitpro/libctru/lib/libctru.a(vram.o)
                0x00108844                vramAllocAt
 .text.vramFree
                0x00108850       0x94 /opt/devkitpro/libctru/lib/libctru.a(vram.o)
                0x00108850                vramFree
 .text.fontEnsureMapped
                0x001088e4       0x9c /opt/devkitpro/libctru/lib/libctru.a(font.o)
                0x001088e4                fontEnsureMapped
 .text.fontGlyphIndexFromCodePoint
                0x00108980      0x100 /opt/devkitpro/libctru/lib/libctru.a(font.o)
                0x00108980                fontGlyphIndexFromCodePoint
 .text.fontCalcGlyphPos
                0x00108a80      0x214 /opt/devkitpro/libctru/lib/libctru.a(font.o)
                0x00108a80                fontCalcGlyphPos
 .text.gfxPresentFramebuffer
                0x00108c94       0xcc /opt/devkitpro/libctru/lib/libctru.a(gfx.o)
 .text.gfxIsWide
                0x00108d60       0x1c /opt/devkitpro/libctru/lib/libctru.a(gfx.o)
                0x00108d60                gfxIsWide
 .text.gfxSetScreenFormat
                0x00108d7c       0xf8 /opt/devkitpro/libctru/lib/libctru.a(gfx.o)
                0x00108d7c                gfxSetScreenFormat
 .text.gfxInit  0x00108e74       0xd8 /opt/devkitpro/libctru/lib/libctru.a(gfx.o)
                0x00108e74                gfxInit
 .text.gfxInitDefault
                0x00108f4c       0x10 /opt/devkitpro/libctru/lib/libctru.a(gfx.o)
                0x00108f4c                gfxInitDefault
 .text.gfxExit  0x00108f5c       0xb8 /opt/devkitpro/libctru/lib/libctru.a(gfx.o)
                0x00108f5c                gfxExit
 .text.gfxGetFramebuffer
                0x00109014       0xa0 /opt/devkitpro/libctru/lib/libctru.a(gfx.o)
                0x00109014                gfxGetFramebuffer
 .text.gfxScreenSwapBuffers
                0x001090b4       0x28 /opt/devkitpro/libctru/lib/libctru.a(gfx.o)
                0x001090b4                gfxScreenSwapBuffers
 .text.osConvertVirtToPhys
                0x001090dc       0x74 /opt/devkitpro/libctru/lib/libctru.a(os.o)
                0x001090dc                osConvertVirtToPhys
 .text.__ctru_speedup_config
                0x00109150       0x34 /opt/devkitpro/libctru/lib/libctru.a(os.o)
                0x00109150                __ctru_speedup_config
 .text.GPUCMD_Add
                0x00109184      0x13c /opt/devkitpro/libctru/lib/libctru.a(gpu.o)
                0x00109184                GPUCMD_Add
 .text.GPUCMD_Split
                0x001092c0       0xb0 /opt/devkitpro/libctru/lib/libctru.a(gpu.o)
                0x001092c0                GPUCMD_Split
 .text.f32tof16
                0x00109370       0x34 /opt/devkitpro/libctru/lib/libctru.a(gpu.o)
                0x00109370                f32tof16
 .text.f32tof24
                0x001093a4       0x34 /opt/devkitpro/libctru/lib/libctru.a(gpu.o)
                0x001093a4                f32tof24
 .text.f32tof31
                0x001093d8       0x38 /opt/devkitpro/libctru/lib/libctru.a(gpu.o)
                0x001093d8                f32tof31
 .text.GX_BindQueue
                0x00109410       0x10 /opt/devkitpro/libctru/lib/libctru.a(gx.o)
                0x00109410                GX_BindQueue
 .text.GX_ProcessCommandList
                0x00109420       0x7c /opt/devkitpro/libctru/lib/libctru.a(gx.o)
                0x00109420                GX_ProcessCommandList
 .text.GX_MemoryFill
                0x0010949c       0x74 /opt/devkitpro/libctru/lib/libctru.a(gx.o)
                0x0010949c                GX_MemoryFill
 .text.GX_DisplayTransfer
                0x00109510       0x74 /opt/devkitpro/libctru/lib/libctru.a(gx.o)
                0x00109510                GX_DisplayTransfer
 .text.gxCmdQueueDoCommands.part.0
                0x00109584       0x64 /opt/devkitpro/libctru/lib/libctru.a(gxqueue.o)
 .text.gxCmdQueueInterrupt
                0x001095e8       0xe4 /opt/devkitpro/libctru/lib/libctru.a(gxqueue.o)
                0x001095e8                gxCmdQueueInterrupt
 .text.gxCmdQueueClear
                0x001096cc       0x68 /opt/devkitpro/libctru/lib/libctru.a(gxqueue.o)
                0x001096cc                gxCmdQueueClear
 .text.gxCmdQueueAdd
                0x00109734      0x108 /opt/devkitpro/libctru/lib/libctru.a(gxqueue.o)
                0x00109734                gxCmdQueueAdd
 .text.gxCmdQueueRun
                0x0010983c       0x80 /opt/devkitpro/libctru/lib/libctru.a(gxqueue.o)
                0x0010983c                gxCmdQueueRun
 .text.gxCmdQueueStop
                0x001098bc       0x64 /opt/devkitpro/libctru/lib/libctru.a(gxqueue.o)
                0x001098bc                gxCmdQueueStop
 .text.gxCmdQueueWait
                0x00109920       0xac /opt/devkitpro/libctru/lib/libctru.a(gxqueue.o)
                0x00109920                gxCmdQueueWait
 .text.shaderInstanceInit
                0x001099cc      0x1e0 /opt/devkitpro/libctru/lib/libctru.a(shaderProgram.o)
                0x001099cc                shaderInstanceInit
 .text.shaderInstanceGetUniformLocation
                0x00109bac       0x18 /opt/devkitpro/libctru/lib/libctru.a(shaderProgram.o)
                0x00109bac                shaderInstanceGetUniformLocation
 .text.shaderProgramInit
                0x00109bc4       0x1c /opt/devkitpro/libctru/lib/libctru.a(shaderProgram.o)
                0x00109bc4                shaderProgramInit
 .text.shaderProgramFree
                0x00109be0       0x74 /opt/devkitpro/libctru/lib/libctru.a(shaderProgram.o)
                0x00109be0                shaderProgramFree
 .text.shaderProgramSetVsh
                0x00109c54       0x94 /opt/devkitpro/libctru/lib/libctru.a(shaderProgram.o)
                0x00109c54                shaderProgramSetVsh
 .text.shaderProgramConfigure
                0x00109ce8      0x8d0 /opt/devkitpro/libctru/lib/libctru.a(shaderProgram.o)
                0x00109ce8                shaderProgramConfigure
 .text.DVLE_GenerateOutmap.part.0
                0x0010a5b8      0x1dc /opt/devkitpro/libctru/lib/libctru.a(shbin.o)
 .text.DVLB_ParseFile
                0x0010a794      0x1ac /opt/devkitpro/libctru/lib/libctru.a(shbin.o)
                0x0010a794                DVLB_ParseFile
 .text.DVLB_Free
                0x0010a940       0x50 /opt/devkitpro/libctru/lib/libctru.a(shbin.o)
                0x0010a940                DVLB_Free
 .text.DVLE_GetUniformRegister
                0x0010a990       0x74 /opt/devkitpro/libctru/lib/libctru.a(shbin.o)
                0x0010a990                DVLE_GetUniformRegister
 .text.aptConvertScreenForCapture
                0x0010aa04      0x180 /opt/devkitpro/libctru/lib/libctru.a(apt.o)
 .text.aptDspSleep
                0x0010ab84        0x8 /opt/devkitpro/libctru/lib/libctru.a(apt.o)
                0x0010ab84                aptDspSleep
 .text.aptDspWakeup
                0x0010ab8c        0x4 /opt/devkitpro/libctru/lib/libctru.a(apt.o)
                0x0010ab8c                aptDspWakeup
 .text.aptDspCancel
                0x0010ab90        0x4 /opt/devkitpro/libctru/lib/libctru.a(apt.o)
                0x0010ab90                aptDspCancel
 .text.aptSendCommand
                0x0010ab94      0x138 /opt/devkitpro/libctru/lib/libctru.a(apt.o)
                0x0010ab94                aptSendCommand
 *fill*         0x0010accc        0x4 
 .text.aptExitProcess
                0x0010acd0       0x44 /opt/devkitpro/libctru/lib/libctru.a(apt.o)
 .text.aptExit  0x0010ad14      0x394 /opt/devkitpro/libctru/lib/libctru.a(apt.o)
                0x0010ad14                aptExit
 .text.aptHandleSleep
                0x0010b0a8       0xd8 /opt/devkitpro/libctru/lib/libctru.a(apt.o)
                0x0010b0a8                aptHandleSleep
 .text.aptHook  0x0010b180       0x34 /opt/devkitpro/libctru/lib/libctru.a(apt.o)
                0x0010b180                aptHook
 .text.aptUnhook
                0x0010b1b4       0x30 /opt/devkitpro/libctru/lib/libctru.a(apt.o)
                0x0010b1b4                aptUnhook
 .text.APT_SleepIfShellClosed
                0x0010b1e4       0x84 /opt/devkitpro/libctru/lib/libctru.a(apt.o)
                0x0010b1e4                APT_SleepIfShellClosed
 .text.aptSetSleepAllowed
                0x0010b268       0x78 /opt/devkitpro/libctru/lib/libctru.a(apt.o)
                0x0010b268                aptSetSleepAllowed
 .text.APT_UnlockTransition
                0x0010b2e0       0x84 /opt/devkitpro/libctru/lib/libctru.a(apt.o)
                0x0010b2e0                APT_UnlockTransition
 *fill*         0x0010b364        0x4 
 .text.aptEventHandler
                0x0010b368      0x470 /opt/devkitpro/libctru/lib/libctru.a(apt.o)
 .text.APT_ReceiveParameter
                0x0010b7d8       0xbc /opt/devkitpro/libctru/lib/libctru.a(apt.o)
                0x0010b7d8                APT_ReceiveParameter
 .text.aptReceiveParameter.constprop.0
                0x0010b894       0xb0 /opt/devkitpro/libctru/lib/libctru.a(apt.o)
 *fill*         0x0010b944        0x4 
 .text.aptScreenTransfer
                0x0010b948      0x294 /opt/devkitpro/libctru/lib/libctru.a(apt.o)
 .text.aptWaitForWakeUp.isra.0
                0x0010bbdc      0x2d0 /opt/devkitpro/libctru/lib/libctru.a(apt.o)
 .text.aptJumpToHomeMenu
                0x0010beac       0xf4 /opt/devkitpro/libctru/lib/libctru.a(apt.o)
                0x0010beac                aptJumpToHomeMenu
 .text.aptMainLoop
                0x0010bfa0       0x58 /opt/devkitpro/libctru/lib/libctru.a(apt.o)
                0x0010bfa0                aptMainLoop
 .text.aptInit  0x0010bff8      0x240 /opt/devkitpro/libctru/lib/libctru.a(apt.o)
                0x0010bff8                aptInit
 .text.APT_CheckNew3DS
                0x0010c238       0x90 /opt/devkitpro/libctru/lib/libctru.a(apt.o)
                0x0010c238                APT_CheckNew3DS
 .text.APT_GetSharedFont
                0x0010c2c8       0x48 /opt/devkitpro/libctru/lib/libctru.a(apt.o)
                0x0010c2c8                APT_GetSharedFont
 .text.fsInit   0x0010c310      0x104 /opt/devkitpro/libctru/lib/libctru.a(fs.o)
                0x0010c310                fsInit
 .text.fsExit   0x0010c414       0x3c /opt/devkitpro/libctru/lib/libctru.a(fs.o)
                0x0010c414                fsExit
 .text.fsExemptFromSession
                0x0010c450       0x68 /opt/devkitpro/libctru/lib/libctru.a(fs.o)
                0x0010c450                fsExemptFromSession
 .text.fsUnexemptFromSession
                0x0010c4b8       0x50 /opt/devkitpro/libctru/lib/libctru.a(fs.o)
                0x0010c4b8                fsUnexemptFromSession
 .text.FSUSER_OpenFile
                0x0010c508       0xcc /opt/devkitpro/libctru/lib/libctru.a(fs.o)
                0x0010c508                FSUSER_OpenFile
 .text.FSUSER_DeleteFile
                0x0010c5d4       0xb8 /opt/devkitpro/libctru/lib/libctru.a(fs.o)
                0x0010c5d4                FSUSER_DeleteFile
 .text.FSUSER_RenameFile
                0x0010c68c       0xf4 /opt/devkitpro/libctru/lib/libctru.a(fs.o)
                0x0010c68c                FSUSER_RenameFile
 .text.FSUSER_DeleteDirectory
                0x0010c780       0xb8 /opt/devkitpro/libctru/lib/libctru.a(fs.o)
                0x0010c780                FSUSER_DeleteDirectory
 .text.FSUSER_CreateFile
                0x0010c838       0xd0 /opt/devkitpro/libctru/lib/libctru.a(fs.o)
                0x0010c838                FSUSER_CreateFile
 .text.FSUSER_CreateDirectory
                0x0010c908       0xc0 /opt/devkitpro/libctru/lib/libctru.a(fs.o)
                0x0010c908                FSUSER_CreateDirectory
 .text.FSUSER_RenameDirectory
                0x0010c9c8       0xf4 /opt/devkitpro/libctru/lib/libctru.a(fs.o)
                0x0010c9c8                FSUSER_RenameDirectory
 .text.FSUSER_OpenDirectory
                0x0010cabc       0xb4 /opt/devkitpro/libctru/lib/libctru.a(fs.o)
                0x0010cabc                FSUSER_OpenDirectory
 .text.FSUSER_OpenArchive
                0x0010cb70       0x90 /opt/devkitpro/libctru/lib/libctru.a(fs.o)
                0x0010cb70                FSUSER_OpenArchive
 .text.FSUSER_CloseArchive
                0x0010cc00       0x8c /opt/devkitpro/libctru/lib/libctru.a(fs.o)
                0x0010cc00                FSUSER_CloseArchive
 .text.FSUSER_GetSdmcArchiveResource
                0x0010cc8c       0x74 /opt/devkitpro/libctru/lib/libctru.a(fs.o)
                0x0010cc8c                FSUSER_GetSdmcArchiveResource
 .text.FSUSER_IsSdmcWritable
                0x0010cd00       0x64 /opt/devkitpro/libctru/lib/libctru.a(fs.o)
                0x0010cd00                FSUSER_IsSdmcWritable
 .text.FSFILE_Read
                0x0010cd64       0x64 /opt/devkitpro/libctru/lib/libctru.a(fs.o)
                0x0010cd64                FSFILE_Read
 .text.FSFILE_Write
                0x0010cdc8       0x6c /opt/devkitpro/libctru/lib/libctru.a(fs.o)
                0x0010cdc8                FSFILE_Write
 .text.FSFILE_GetSize
                0x0010ce34       0x44 /opt/devkitpro/libctru/lib/libctru.a(fs.o)
                0x0010ce34                FSFILE_GetSize
 .text.FSFILE_SetSize
                0x0010ce78       0x28 /opt/devkitpro/libctru/lib/libctru.a(fs.o)
                0x0010ce78                FSFILE_SetSize
 .text.FSFILE_Close
                0x0010cea0       0x3c /opt/devkitpro/libctru/lib/libctru.a(fs.o)
                0x0010cea0                FSFILE_Close
 .text.FSFILE_Flush
                0x0010cedc       0x24 /opt/devkitpro/libctru/lib/libctru.a(fs.o)
                0x0010cedc                FSFILE_Flush
 .text.FSDIR_Read
                0x0010cf00       0x60 /opt/devkitpro/libctru/lib/libctru.a(fs.o)
                0x0010cf00                FSDIR_Read
 .text.FSDIR_Close
                0x0010cf60       0x3c /opt/devkitpro/libctru/lib/libctru.a(fs.o)
                0x0010cf60                FSDIR_Close
 .text.gspHardwareInit
                0x0010cf9c      0xc70 /opt/devkitpro/libctru/lib/libctru.a(gspgpu.o)
 .text.gspInit  0x0010dc0c      0x288 /opt/devkitpro/libctru/lib/libctru.a(gspgpu.o)
                0x0010dc0c                gspInit
 .text.gspExit  0x0010de94      0x104 /opt/devkitpro/libctru/lib/libctru.a(gspgpu.o)
                0x0010de94                gspExit
 .text.gspHasGpuRight
                0x0010df98       0x10 /opt/devkitpro/libctru/lib/libctru.a(gspgpu.o)
                0x0010df98                gspHasGpuRight
 .text.gspPresentBuffer
                0x0010dfa8       0xa4 /opt/devkitpro/libctru/lib/libctru.a(gspgpu.o)
                0x0010dfa8                gspPresentBuffer
 .text.gspSetEventCallback
                0x0010e04c       0x30 /opt/devkitpro/libctru/lib/libctru.a(gspgpu.o)
                0x0010e04c                gspSetEventCallback
 .text.gspWaitForEvent
                0x0010e07c       0x50 /opt/devkitpro/libctru/lib/libctru.a(gspgpu.o)
                0x0010e07c                gspWaitForEvent
 .text.gspWaitForAnyEvent
                0x0010e0cc       0x4c /opt/devkitpro/libctru/lib/libctru.a(gspgpu.o)
                0x0010e0cc                gspWaitForAnyEvent
 .text.gspEventThreadMain
                0x0010e118      0x154 /opt/devkitpro/libctru/lib/libctru.a(gspgpu.o)
 .text.gspSubmitGxCommand
                0x0010e26c      0x12c /opt/devkitpro/libctru/lib/libctru.a(gspgpu.o)
                0x0010e26c                gspSubmitGxCommand
 .text.GSPGPU_FlushDataCache
                0x0010e398       0x50 /opt/devkitpro/libctru/lib/libctru.a(gspgpu.o)
                0x0010e398                GSPGPU_FlushDataCache
 .text.GSPGPU_SetLcdForceBlack
                0x0010e3e8       0x34 /opt/devkitpro/libctru/lib/libctru.a(gspgpu.o)
                0x0010e3e8                GSPGPU_SetLcdForceBlack
 .text.GSPGPU_AcquireRight
                0x0010e41c       0x84 /opt/devkitpro/libctru/lib/libctru.a(gspgpu.o)
                0x0010e41c                GSPGPU_AcquireRight
 .text.GSPGPU_ReleaseRight
                0x0010e4a0       0x64 /opt/devkitpro/libctru/lib/libctru.a(gspgpu.o)
                0x0010e4a0                GSPGPU_ReleaseRight
 .text.GSPGPU_ImportDisplayCaptureInfo
                0x0010e504       0x7c /opt/devkitpro/libctru/lib/libctru.a(gspgpu.o)
                0x0010e504                GSPGPU_ImportDisplayCaptureInfo
 .text.GSPGPU_SaveVramSysArea
                0x0010e580       0x2c /opt/devkitpro/libctru/lib/libctru.a(gspgpu.o)
                0x0010e580                GSPGPU_SaveVramSysArea
 .text.GSPGPU_RestoreVramSysArea
                0x0010e5ac       0x2c /opt/devkitpro/libctru/lib/libctru.a(gspgpu.o)
                0x0010e5ac                GSPGPU_RestoreVramSysArea
 .text.hidShouldUseIrrst
                0x0010e5d8       0x24 /opt/devkitpro/libctru/lib/libctru.a(hid.o)
                0x0010e5d8                hidShouldUseIrrst
 .text.hidInit  0x0010e5fc      0x1cc /opt/devkitpro/libctru/lib/libctru.a(hid.o)
                0x0010e5fc                hidInit
 .text.hidExit  0x0010e7c8       0xe8 /opt/devkitpro/libctru/lib/libctru.a(hid.o)
                0x0010e7c8                hidExit
 .text.hidScanInput
                0x0010e8b0      0x2a0 /opt/devkitpro/libctru/lib/libctru.a(hid.o)
                0x0010e8b0                hidScanInput
 .text.hidKeysDown
                0x0010eb50       0x10 /opt/devkitpro/libctru/lib/libctru.a(hid.o)
                0x0010eb50                hidKeysDown
 .text.hidTouchRead
                0x0010eb60       0x18 /opt/devkitpro/libctru/lib/libctru.a(hid.o)
                0x0010eb60                hidTouchRead
 .text.irrstInit
                0x0010eb78      0x1a4 /opt/devkitpro/libctru/lib/libctru.a(irrst.o)
                0x0010eb78                irrstInit
 .text.irrstExit
                0x0010ed1c       0xdc /opt/devkitpro/libctru/lib/libctru.a(irrst.o)
                0x0010ed1c                irrstExit
 .text.irrstScanInput
                0x0010edf8       0xb4 /opt/devkitpro/libctru/lib/libctru.a(irrst.o)
                0x0010edf8                irrstScanInput
 .text.irrstKeysHeld
                0x0010eeac       0x24 /opt/devkitpro/libctru/lib/libctru.a(irrst.o)
                0x0010eeac                irrstKeysHeld
 .text.ptmSysmInit
                0x0010eed0       0x78 /opt/devkitpro/libctru/lib/libctru.a(ptmsysm.o)
                0x0010eed0                ptmSysmInit
 .text.ptmSysmExit
                0x0010ef48       0x3c /opt/devkitpro/libctru/lib/libctru.a(ptmsysm.o)
                0x0010ef48                ptmSysmExit
 .text.PTMSYSM_ConfigureNew3DSCPU
                0x0010ef84       0x34 /opt/devkitpro/libctru/lib/libctru.a(ptmsysm.o)
                0x0010ef84                PTMSYSM_ConfigureNew3DSCPU
 .text.rbtree_find
                0x0010efb8       0x74 /opt/devkitpro/libctru/lib/libctru.a(rbtree_find.o)
                0x0010efb8                rbtree_find
 .text.rbtree_init
                0x0010f02c       0x10 /opt/devkitpro/libctru/lib/libctru.a(rbtree_init.o)
                0x0010f02c                rbtree_init
 .text.do_insert
                0x0010f03c      0x198 /opt/devkitpro/libctru/lib/libctru.a(rbtree_insert.o)
 .text.rbtree_insert
                0x0010f1d4        0x8 /opt/devkitpro/libctru/lib/libctru.a(rbtree_insert.o)
                0x0010f1d4                rbtree_insert
 .text.rbtree_remove
                0x0010f1dc      0x310 /opt/devkitpro/libctru/lib/libctru.a(rbtree_remove.o)
                0x0010f1dc                rbtree_remove
 .text.rbtree_rotate
                0x0010f4ec       0x90 /opt/devkitpro/libctru/lib/libctru.a(rbtree_rotate.o)
                0x0010f4ec                rbtree_rotate
 .text.decode_utf8
                0x0010f57c      0x140 /opt/devkitpro/libctru/lib/libctru.a(decode_utf8.o)
                0x0010f57c                decode_utf8
 .text.utf16_to_utf8
                0x0010f6bc       0xe8 /opt/devkitpro/libctru/lib/libctru.a(utf16_to_utf8.o)
                0x0010f6bc                utf16_to_utf8
 .text.utf8_to_utf16
                0x0010f7a4       0xc0 /opt/devkitpro/libctru/lib/libctru.a(utf8_to_utf16.o)
                0x0010f7a4                utf8_to_utf16
 *fill*         0x0010f864        0x4 
 .text.__system_allocateHeaps
                0x0010f868      0x1e8 /opt/devkitpro/libctru/lib/libctru.a(allocateHeaps.o)
                0x0010f868                __system_allocateHeaps
 .text.__libctru_init
                0x0010fa50       0x38 /opt/devkitpro/libctru/lib/libctru.a(ctru_init.o)
                0x0010fa50                __libctru_init
 .text.__system_initArgv
                0x0010fa88      0x16c /opt/devkitpro/libctru/lib/libctru.a(initArgv.o)
                0x0010fa88                __system_initArgv
 .text.__syscall_getreent
                0x0010fbf4       0x30 /opt/devkitpro/libctru/lib/libctru.a(syscalls.o)
                0x0010fbf4                __syscall_getreent
 .text.__syscall_lock_acquire_recursive
                0x0010fc24        0x4 /opt/devkitpro/libctru/lib/libctru.a(syscalls.o)
                0x0010fc24                __syscall_lock_acquire_recursive
 .text.__syscall_lock_release_recursive
                0x0010fc28        0x4 /opt/devkitpro/libctru/lib/libctru.a(syscalls.o)
                0x0010fc28                __syscall_lock_release_recursive
 .text.__syscall_exit
                0x0010fc2c        0x4 /opt/devkitpro/libctru/lib/libctru.a(syscalls.o)
                0x0010fc2c                __syscall_exit
 .text.initThreadVars
                0x0010fc30       0x54 /opt/devkitpro/libctru/lib/libctru.a(syscalls.o)
                0x0010fc30                initThreadVars
 .text.__system_initSyscalls
                0x0010fc84       0x80 /opt/devkitpro/libctru/lib/libctru.a(syscalls.o)
                0x0010fc84                __system_initSyscalls
 .text.svcControlMemory
                0x0010fd04       0x20 /opt/devkitpro/libctru/lib/libctru.a(svc.o)
                0x0010fd04                svcControlMemory
 .text.svcQueryMemory
                0x0010fd24       0x30 /opt/devkitpro/libctru/lib/libctru.a(svc.o)
                0x0010fd24                svcQueryMemory
 .text.svcExitProcess
                0x0010fd54        0x8 /opt/devkitpro/libctru/lib/libctru.a(svc.o)
                0x0010fd54                svcExitProcess
 .text.svcCreateThread
                0x0010fd5c       0x20 /opt/devkitpro/libctru/lib/libctru.a(svc.o)
                0x0010fd5c                svcCreateThread
 .text.svcExitThread
                0x0010fd7c        0x8 /opt/devkitpro/libctru/lib/libctru.a(svc.o)
                0x0010fd7c                svcExitThread
 .text.svcSleepThread
                0x0010fd84        0x8 /opt/devkitpro/libctru/lib/libctru.a(svc.o)
                0x0010fd84                svcSleepThread
 .text.svcReleaseMutex
                0x0010fd8c        0x8 /opt/devkitpro/libctru/lib/libctru.a(svc.o)
                0x0010fd8c                svcReleaseMutex
 .text.svcCreateEvent
                0x0010fd94       0x14 /opt/devkitpro/libctru/lib/libctru.a(svc.o)
                0x0010fd94                svcCreateEvent
 .text.svcSignalEvent
                0x0010fda8        0x8 /opt/devkitpro/libctru/lib/libctru.a(svc.o)
                0x0010fda8                svcSignalEvent
 .text.svcClearEvent
                0x0010fdb0        0x8 /opt/devkitpro/libctru/lib/libctru.a(svc.o)
                0x0010fdb0                svcClearEvent
 .text.svcMapMemoryBlock
                0x0010fdb8        0x8 /opt/devkitpro/libctru/lib/libctru.a(svc.o)
                0x0010fdb8                svcMapMemoryBlock
 .text.svcUnmapMemoryBlock
                0x0010fdc0        0x8 /opt/devkitpro/libctru/lib/libctru.a(svc.o)
                0x0010fdc0                svcUnmapMemoryBlock
 .text.svcCreateAddressArbiter
                0x0010fdc8       0x14 /opt/devkitpro/libctru/lib/libctru.a(svc.o)
                0x0010fdc8                svcCreateAddressArbiter
 .text.svcArbitrateAddressNoTimeout
                0x0010fddc        0x8 /opt/devkitpro/libctru/lib/libctru.a(svc.o)
                0x0010fddc                svcArbitrateAddressNoTimeout
 .text.svcCloseHandle
                0x0010fde4        0x8 /opt/devkitpro/libctru/lib/libctru.a(svc.o)
                0x0010fde4                svcCloseHandle
 .text.svcWaitSynchronization
                0x0010fdec        0x8 /opt/devkitpro/libctru/lib/libctru.a(svc.o)
                0x0010fdec                svcWaitSynchronization
 .text.svcWaitSynchronizationN
                0x0010fdf4       0x28 /opt/devkitpro/libctru/lib/libctru.a(svc.o)
                0x0010fdf4                svcWaitSynchronizationN
 .text.svcDuplicateHandle
                0x0010fe1c       0x14 /opt/devkitpro/libctru/lib/libctru.a(svc.o)
                0x0010fe1c                svcDuplicateHandle
 .text.svcGetSystemTick
                0x0010fe30        0x8 /opt/devkitpro/libctru/lib/libctru.a(svc.o)
                0x0010fe30                svcGetSystemTick
 .text.svcConnectToPort
                0x0010fe38       0x14 /opt/devkitpro/libctru/lib/libctru.a(svc.o)
                0x0010fe38                svcConnectToPort
 .text.svcSendSyncRequest
                0x0010fe4c        0x8 /opt/devkitpro/libctru/lib/libctru.a(svc.o)
                0x0010fe4c                svcSendSyncRequest
 .text.svcGetResourceLimit
                0x0010fe54       0x14 /opt/devkitpro/libctru/lib/libctru.a(svc.o)
                0x0010fe54                svcGetResourceLimit
 .text.svcGetResourceLimitLimitValues
                0x0010fe68        0x8 /opt/devkitpro/libctru/lib/libctru.a(svc.o)
                0x0010fe68                svcGetResourceLimitLimitValues
 .text.svcGetResourceLimitCurrentValues
                0x0010fe70        0x8 /opt/devkitpro/libctru/lib/libctru.a(svc.o)
                0x0010fe70                svcGetResourceLimitCurrentValues
 .text.svcBreak
                0x0010fe78        0x8 /opt/devkitpro/libctru/lib/libctru.a(svc.o)
                0x0010fe78                svcBreak
 .text.__aeabi_read_tp
                0x0010fe80        0xc /opt/devkitpro/libctru/lib/libctru.a(readtp.o)
                0x0010fe80                __aeabi_read_tp
 .text.initSystem
                0x0010fe8c       0x50 /opt/devkitpro/libctru/lib/libctru.a(stack_adjust.o)
                0x0010fe8c                initSystem
 .text.__ctru_exit
                0x0010fedc       0x14 /opt/devkitpro/libctru/lib/libctru.a(stack_adjust.o)
                0x0010fedc                __ctru_exit
 .text.envGetHandle
                0x0010fef0       0x8c /opt/devkitpro/libctru/lib/libctru.a(env.o)
                0x0010fef0                envGetHandle
 .text.envDestroyHandles
                0x0010ff7c       0x50 /opt/devkitpro/libctru/lib/libctru.a(env.o)
                0x0010ff7c                envDestroyHandles
 .text.srvInit  0x0010ffcc      0x164 /opt/devkitpro/libctru/lib/libctru.a(srv.o)
                0x0010ffcc                srvInit
 .text.srvExit  0x00110130       0x64 /opt/devkitpro/libctru/lib/libctru.a(srv.o)
                0x00110130                srvExit
 .text.srvEnableNotification
                0x00110194       0x60 /opt/devkitpro/libctru/lib/libctru.a(srv.o)
                0x00110194                srvEnableNotification
 .text.srvGetServiceHandleDirect
                0x001101f4       0xa0 /opt/devkitpro/libctru/lib/libctru.a(srv.o)
                0x001101f4                srvGetServiceHandleDirect
 .text.srvGetServiceHandle
                0x00110294       0x48 /opt/devkitpro/libctru/lib/libctru.a(srv.o)
                0x00110294                srvGetServiceHandle
 .text.srvSubscribe
                0x001102dc       0x34 /opt/devkitpro/libctru/lib/libctru.a(srv.o)
                0x001102dc                srvSubscribe
 .text.srvReceiveNotification
                0x00110310       0x60 /opt/devkitpro/libctru/lib/libctru.a(srv.o)
                0x00110310                srvReceiveNotification
 .text.srvPublishToSubscriber
                0x00110370       0x38 /opt/devkitpro/libctru/lib/libctru.a(srv.o)
                0x00110370                srvPublishToSubscriber
 .text.__sync_init
                0x001103a8        0xc /opt/devkitpro/libctru/lib/libctru.a(synchronization.o)
                0x001103a8                __sync_init
 .text.__sync_fini
                0x001103b4       0x18 /opt/devkitpro/libctru/lib/libctru.a(synchronization.o)
                0x001103b4                __sync_fini
 .text.syncArbitrateAddress
                0x001103cc       0x28 /opt/devkitpro/libctru/lib/libctru.a(synchronization.o)
                0x001103cc                syncArbitrateAddress
 .text.LightLock_Lock
                0x001103f4       0xac /opt/devkitpro/libctru/lib/libctru.a(synchronization.o)
                0x001103f4                LightLock_Lock
 .text.LightLock_Unlock
                0x001104a0       0x40 /opt/devkitpro/libctru/lib/libctru.a(synchronization.o)
                0x001104a0                LightLock_Unlock
 .text.RecursiveLock_Lock
                0x001104e0       0x54 /opt/devkitpro/libctru/lib/libctru.a(synchronization.o)
                0x001104e0                RecursiveLock_Lock
 .text.RecursiveLock_Unlock
                0x00110534       0x54 /opt/devkitpro/libctru/lib/libctru.a(synchronization.o)
                0x00110534                RecursiveLock_Unlock
 .text.LightEvent_Init
                0x00110588       0x44 /opt/devkitpro/libctru/lib/libctru.a(synchronization.o)
                0x00110588                LightEvent_Init
 .text.LightEvent_Clear
                0x001105cc       0xb8 /opt/devkitpro/libctru/lib/libctru.a(synchronization.o)
                0x001105cc                LightEvent_Clear
 .text.LightEvent_Signal
                0x00110684       0xdc /opt/devkitpro/libctru/lib/libctru.a(synchronization.o)
                0x00110684                LightEvent_Signal
 .text.LightEvent_TryWait
                0x00110760       0x50 /opt/devkitpro/libctru/lib/libctru.a(synchronization.o)
                0x00110760                LightEvent_TryWait
 .text.LightEvent_Wait
                0x001107b0       0xac /opt/devkitpro/libctru/lib/libctru.a(synchronization.o)
                0x001107b0                LightEvent_Wait
 .text.threadCreate
                0x0011085c      0x1fc /opt/devkitpro/libctru/lib/libctru.a(thread.o)
                0x0011085c                threadCreate
 .text.threadFree
                0x00110a58       0x38 /opt/devkitpro/libctru/lib/libctru.a(thread.o)
                0x00110a58                threadFree
 .text.threadJoin
                0x00110a90       0x24 /opt/devkitpro/libctru/lib/libctru.a(thread.o)
                0x00110a90                threadJoin
 .text.threadGetCurrent
                0x00110ab4       0x30 /opt/devkitpro/libctru/lib/libctru.a(thread.o)
                0x00110ab4                threadGetCurrent
 .text.threadExit
                0x00110ae4       0x40 /opt/devkitpro/libctru/lib/libctru.a(thread.o)
                0x00110ae4                threadExit
 .text._thread_begin
                0x00110b24       0x20 /opt/devkitpro/libctru/lib/libctru.a(thread.o)
 .text.mappableFindAddressWithin
                0x00110b44       0x90 /opt/devkitpro/libctru/lib/libctru.a(mappable.o)
 .text.mappableInit
                0x00110bd4       0x28 /opt/devkitpro/libctru/lib/libctru.a(mappable.o)
                0x00110bd4                mappableInit
 .text.mappableAlloc
                0x00110bfc       0x7c /opt/devkitpro/libctru/lib/libctru.a(mappable.o)
                0x00110bfc                mappableAlloc
 .text.mappableFree
                0x00110c78        0x4 /opt/devkitpro/libctru/lib/libctru.a(mappable.o)
                0x00110c78                mappableFree
 .text.srvPmGetSessionHandle
                0x00110c7c        0xc /opt/devkitpro/libctru/lib/libctru.a(srvpm.o)
                0x00110c7c                srvPmGetSessionHandle
 .text.rbtree_node_next
                0x00110c88       0x60 /opt/devkitpro/libctru/lib/libctru.a(rbtree_iterator.o)
                0x00110c88                rbtree_node_next
 .text.decode_utf16
                0x00110ce8       0x54 /opt/devkitpro/libctru/lib/libctru.a(decode_utf16.o)
                0x00110ce8                decode_utf16
 .text.encode_utf16
                0x00110d3c       0x54 /opt/devkitpro/libctru/lib/libctru.a(encode_utf16.o)
                0x00110d3c                encode_utf16
 .text.encode_utf8
                0x00110d90       0xe0 /opt/devkitpro/libctru/lib/libctru.a(encode_utf8.o)
                0x00110d90                encode_utf8
 .text.__appExit
                0x00110e70       0x30 /opt/devkitpro/libctru/lib/libctru.a(appExit.o)
                0x00110e70                __appExit
 .text.__appInit
                0x00110ea0       0x30 /opt/devkitpro/libctru/lib/libctru.a(appInit.o)
                0x00110ea0                __appInit
 .text.__libctru_exit
                0x00110ed0       0x90 /opt/devkitpro/libctru/lib/libctru.a(ctru_exit.o)
                0x00110ed0                __libctru_exit
 .text.error_cmp
                0x00110f60       0x24 /opt/devkitpro/libctru/lib/libctru.a(archive_dev.o)
 .text.archive_translate_error
                0x00110f84       0x50 /opt/devkitpro/libctru/lib/libctru.a(archive_dev.o)
 .text.archive_seek
                0x00110fd4       0xc0 /opt/devkitpro/libctru/lib/libctru.a(archive_dev.o)
 .text._archiveInit.part.0
                0x00111094       0x78 /opt/devkitpro/libctru/lib/libctru.a(archive_dev.o)
 .text.archiveFindDevice.part.0
                0x0011110c      0x110 /opt/devkitpro/libctru/lib/libctru.a(archive_dev.o)
 .text.archive_utf16path
                0x0011121c      0x298 /opt/devkitpro/libctru/lib/libctru.a(archive_dev.o)
 .text._archiveUnmountDeviceStruct.part.0
                0x001114b4       0x98 /opt/devkitpro/libctru/lib/libctru.a(archive_dev.o)
 .text._archiveMountDevice
                0x0011154c      0x178 /opt/devkitpro/libctru/lib/libctru.a(archive_dev.o)
 .text.archive_diropen
                0x001116c4       0xf8 /opt/devkitpro/libctru/lib/libctru.a(archive_dev.o)
 .text.archive_fstat
                0x001117bc       0xac /opt/devkitpro/libctru/lib/libctru.a(archive_dev.o)
 .text.archive_fsync
                0x00111868       0x74 /opt/devkitpro/libctru/lib/libctru.a(archive_dev.o)
 .text.archive_close
                0x001118dc       0x74 /opt/devkitpro/libctru/lib/libctru.a(archive_dev.o)
 .text.archive_dirclose
                0x00111950       0x78 /opt/devkitpro/libctru/lib/libctru.a(archive_dev.o)
 .text.sdmc_statvfs
                0x001119c8       0xec /opt/devkitpro/libctru/lib/libctru.a(archive_dev.o)
 .text.archive_chdir
                0x00111ab4       0xf8 /opt/devkitpro/libctru/lib/libctru.a(archive_dev.o)
 .text.archive_ftruncate
                0x00111bac       0x8c /opt/devkitpro/libctru/lib/libctru.a(archive_dev.o)
 .text.archive_read
                0x00111c38       0xbc /opt/devkitpro/libctru/lib/libctru.a(archive_dev.o)
 .text.archive_unlink
                0x00111cf4       0xa8 /opt/devkitpro/libctru/lib/libctru.a(archive_dev.o)
 .text.archive_rmdir
                0x00111d9c       0xc0 /opt/devkitpro/libctru/lib/libctru.a(archive_dev.o)
 .text.archive_mkdir
                0x00111e5c       0xd8 /opt/devkitpro/libctru/lib/libctru.a(archive_dev.o)
 .text.archive_stat
                0x00111f34      0x1a0 /opt/devkitpro/libctru/lib/libctru.a(archive_dev.o)
 .text.archive_dirnext
                0x001120d4      0x164 /opt/devkitpro/libctru/lib/libctru.a(archive_dev.o)
 .text.archive_write
                0x00112238      0x13c /opt/devkitpro/libctru/lib/libctru.a(archive_dev.o)
 *fill*         0x00112374        0x4 
 .text.archive_open
                0x00112378      0x254 /opt/devkitpro/libctru/lib/libctru.a(archive_dev.o)
 .text.archive_rename
                0x001125cc      0x270 /opt/devkitpro/libctru/lib/libctru.a(archive_dev.o)
 .text.archiveMountSdmc
                0x0011283c      0x1c8 /opt/devkitpro/libctru/lib/libctru.a(archive_dev.o)
                0x0011283c                archiveMountSdmc
 .text.archiveUnmountAll
                0x00112a04       0x54 /opt/devkitpro/libctru/lib/libctru.a(archive_dev.o)
                0x00112a04                archiveUnmountAll
 .text.ceilf    0x00112a58       0xc0 /opt/devkitpro/devkitARM/lib/gcc/arm-none-eabi/15.2.0/../../../../arm-none-eabi/lib/armv6k/fpu/libm.a(libm_a-sf_ceil.o)
                0x00112a58                ceilf
 .text.strncat  0x00112b18       0xe4 /opt/devkitpro/devkitARM/lib/gcc/arm-none-eabi/15.2.0/../../../../arm-none-eabi/lib/armv6k/fpu/libg.a(libc_a-strncat.o)
                0x00112b18                strncat
 .text.rand     0x00112bfc       0x44 /opt/devkitpro/devkitARM/lib/gcc/arm-none-eabi/15.2.0/../../../../arm-none-eabi/lib/armv6k/fpu/libg.a(libc_a-rand.o)
                0x00112bfc                rand
 .text.memcpy   0x00112c40      0x128 /opt/devkitpro/devkitARM/lib/gcc/arm-none-eabi/15.2.0/../../../../arm-none-eabi/lib/armv6k/fpu/libg.a(libc_a-memcpy-stub.o)
                0x00112c40                memcpy
 .text.strlen   0x00112d68       0x8c /opt/devkitpro/devkitARM/lib/gcc/arm-none-eabi/15.2.0/../../../../arm-none-eabi/lib/armv6k/fpu/libg.a(libc_a-strlen.o)
                0x00112d68                strlen
 .text.bsearch  0x00112df4       0x78 /opt/devkitpro/devkitARM/lib/gcc/arm-none-eabi/15.2.0/../../../../arm-none-eabi/lib/armv6k/fpu/libg.a(libc_a-bsearch.o)
                0x00112df4                bsearch
 .text.memalign
                0x00112e6c       0x28 /opt/devkitpro/devkitARM/lib/gcc/arm-none-eabi/15.2.0/../../../../arm-none-eabi/lib/armv6k/fpu/libg.a(libc_a-malign.o)
                0x00112e6c                memalign
 .text._strtoul_l.isra.0
                0x00112e94      0x1ec /opt/devkitpro/devkitARM/lib/gcc/arm-none-eabi/15.2.0/../../../../arm-none-eabi/lib/armv6k/fpu/libg.a(libc_a-strtoul.o)
 .text.strtoul  0x00113080       0x3c /opt/devkitpro/devkitARM/lib/gcc/arm-none-eabi/15.2.0/../../../../arm-none-eabi/lib/armv6k/fpu/libg.a(libc_a-strtoul.o)
                0x00113080                strtoul
 .text.strchr   0x001130bc      0x140 /opt/devkitpro/devkitARM/lib/gcc/arm-none-eabi/15.2.0/../../../../arm-none-eabi/lib/armv6k/fpu/libg.a(libc_a-strchr.o)
                0x001130bc                strchr
 .text.calloc   0x001131fc       0x28 /opt/devkitpro/devkitARM/lib/gcc/arm-none-eabi/15.2.0/../../../../arm-none-eabi/lib/armv6k/fpu/libg.a(libc_a-calloc.o)
                0x001131fc                calloc
 .text._memalign_r
                0x00113224      0x16c /opt/devkitpro/devkitARM/lib/gcc/arm-none-eabi/15.2.0/../../../../arm-none-eabi/lib/armv6k/fpu/libg.a(libc_a-malignr.o)
                0x00113224                _memalign_r
 .text.__errno  0x00113390        0xc /opt/devkitpro/devkitARM/lib/gcc/arm-none-eabi/15.2.0/../../../../arm-none-eabi/lib/armv6k/fpu/libg.a(libc_a-errno.o)
                0x00113390                __errno
 .text.memset   0x0011339c       0xe4 /opt/devkitpro/devkitARM/lib/gcc/arm-none-eabi/15.2.0/../../../../arm-none-eabi/lib/armv6k/fpu/libg.a(libc_a-memset.o)
                0x0011339c                memset
 .text._calloc_r
                0x00113480       0xd8 /opt/devkitpro/devkitARM/lib/gcc/arm-none-eabi/15.2.0/../../../../arm-none-eabi/lib/armv6k/fpu/libg.a(libc_a-callocr.o)
                0x00113480                _calloc_r
 .text._malloc_r
                0x00113558      0x82c /opt/devkitpro/devkitARM/lib/gcc/arm-none-eabi/15.2.0/../../../../arm-none-eabi/lib/armv6k/fpu/libg.a(libc_a-mallocr.o)
                0x00113558                _malloc_r
 .text._malloc_trim_r
                0x00113d84      0x114 /opt/devkitpro/devkitARM/lib/gcc/arm-none-eabi/15.2.0/../../../../arm-none-eabi/lib/armv6k/fpu/libg.a(libc_a-freer.o)
                0x00113d84                _malloc_trim_r
 .text._free_r  0x00113e98      0x314 /opt/devkitpro/devkitARM/lib/gcc/arm-none-eabi/15.2.0/../../../../arm-none-eabi/lib/armv6k/fpu/libg.a(libc_a-freer.o)
                0x00113e98                _free_r
 .text.__libc_init_array
                0x001141ac       0x84 /opt/devkitpro/devkitARM/lib/gcc/arm-none-eabi/15.2.0/../../../../arm-none-eabi/lib/armv6k/fpu/libg.a(libc_a-init.o)
                0x001141ac                __libc_init_array
 .text.strncpy  0x00114230       0xd4 /opt/devkitpro/devkitARM/lib/gcc/arm-none-eabi/15.2.0/../../../../arm-none-eabi/lib/armv6k/fpu/libg.a(libc_a-strncpy.o)
                0x00114230                strncpy
 .text.malloc   0x00114304       0x40 /opt/devkitpro/devkitARM/lib/gcc/arm-none-eabi/15.2.0/../../../../arm-none-eabi/lib/armv6k/fpu/libg.a(libc_a-malloc.o)
                0x00114304                malloc
 .text.free     0x00114344       0x20 /opt/devkitpro/devkitARM/lib/gcc/arm-none-eabi/15.2.0/../../../../arm-none-eabi/lib/armv6k/fpu/libg.a(libc_a-malloc.o)
                0x00114344                free
 .text.__malloc_lock
                0x00114364        0xc /opt/devkitpro/devkitARM/lib/gcc/arm-none-eabi/15.2.0/../../../../arm-none-eabi/lib/armv6k/fpu/libg.a(libc_a-mlock.o)
                0x00114364                __malloc_lock
 .text.__malloc_unlock
                0x00114370        0xc /opt/devkitpro/devkitARM/lib/gcc/arm-none-eabi/15.2.0/../../../../arm-none-eabi/lib/armv6k/fpu/libg.a(libc_a-mlock.o)
                0x00114370                __malloc_unlock
 .text.__call_exitprocs
                0x0011437c        0x4 /opt/devkitpro/devkitARM/lib/gcc/arm-none-eabi/15.2.0/../../../../arm-none-eabi/lib/armv6k/fpu/libg.a(libc_a-exit.o)
                0x0011437c                __call_exitprocs
 .text.exit     0x00114380       0x30 /opt/devkitpro/devkitARM/lib/gcc/arm-none-eabi/15.2.0/../../../../arm-none-eabi/lib/armv6k/fpu/libg.a(libc_a-exit.o)
                0x00114380                exit
 .text.__libc_fini_array
                0x001143b0       0x3c /opt/devkitpro/devkitARM/lib/gcc/arm-none-eabi/15.2.0/../../../../arm-none-eabi/lib/armv6k/fpu/libg.a(libc_a-fini.o)
                0x001143b0                __libc_fini_array
 .text.strnlen  0x001143ec       0x3c /opt/devkitpro/devkitARM/lib/gcc/arm-none-eabi/15.2.0/../../../../arm-none-eabi/lib/armv6k/fpu/libg.a(libc_a-strnlen.o)
                0x001143ec                strnlen
 .text.strncmp  0x00114428       0xd8 /opt/devkitpro/devkitARM/lib/gcc/arm-none-eabi/15.2.0/../../../../arm-none-eabi/lib/armv6k/fpu/libg.a(libc_a-strncmp.o)
                0x00114428                strncmp
 .text._exit    0x00114500       0x20 /opt/devkitpro/devkitARM/lib/gcc/arm-none-eabi/15.2.0/../../../../arm-none-eabi/lib/armv6k/fpu/libsysbase.a(libsysbase_libsysbase_a-_exit.o)
                0x00114500                _exit
 .text.chdir    0x00114520      0x140 /opt/devkitpro/devkitARM/lib/gcc/arm-none-eabi/15.2.0/../../../../arm-none-eabi/lib/armv6k/fpu/libsysbase.a(libsysbase_libsysbase_a-chdir.o)
                0x00114520                chdir
 .text._concatenate_path
                0x00114660      0x1c8 /opt/devkitpro/devkitARM/lib/gcc/arm-none-eabi/15.2.0/../../../../arm-none-eabi/lib/armv6k/fpu/libsysbase.a(libsysbase_libsysbase_a-concatenate.o)
                0x00114660                _concatenate_path
 .text.__getreent
                0x00114828       0x2c /opt/devkitpro/devkitARM/lib/gcc/arm-none-eabi/15.2.0/../../../../arm-none-eabi/lib/armv6k/fpu/libsysbase.a(libsysbase_libsysbase_a-getreent.o)
                0x00114828                __getreent
 .text.null_write
                0x00114854        0x8 /opt/devkitpro/devkitARM/lib/gcc/arm-none-eabi/15.2.0/../../../../arm-none-eabi/lib/armv6k/fpu/libsysbase.a(libsysbase_libsysbase_a-iosupport.o)
 .text.setDefaultDevice
                0x0011485c       0x18 /opt/devkitpro/devkitARM/lib/gcc/arm-none-eabi/15.2.0/../../../../arm-none-eabi/lib/armv6k/fpu/libsysbase.a(libsysbase_libsysbase_a-iosupport.o)
                0x0011485c                setDefaultDevice
 .text.FindDevice
                0x00114874       0x98 /opt/devkitpro/devkitARM/lib/gcc/arm-none-eabi/15.2.0/../../../../arm-none-eabi/lib/armv6k/fpu/libsysbase.a(libsysbase_libsysbase_a-iosupport.o)
                0x00114874                FindDevice
 .text.RemoveDevice
                0x0011490c       0x24 /opt/devkitpro/devkitARM/lib/gcc/arm-none-eabi/15.2.0/../../../../arm-none-eabi/lib/armv6k/fpu/libsysbase.a(libsysbase_libsysbase_a-iosupport.o)
                0x0011490c                RemoveDevice
 .text.AddDevice
                0x00114930       0x88 /opt/devkitpro/devkitARM/lib/gcc/arm-none-eabi/15.2.0/../../../../arm-none-eabi/lib/armv6k/fpu/libsysbase.a(libsysbase_libsysbase_a-iosupport.o)
                0x00114930                AddDevice
 .text.GetDeviceOpTab
                0x001149b8       0x20 /opt/devkitpro/devkitARM/lib/gcc/arm-none-eabi/15.2.0/../../../../arm-none-eabi/lib/armv6k/fpu/libsysbase.a(libsysbase_libsysbase_a-iosupport.o)
                0x001149b8                GetDeviceOpTab
 .text._sbrk_r  0x001149d8       0x78 /opt/devkitpro/devkitARM/lib/gcc/arm-none-eabi/15.2.0/../../../../arm-none-eabi/lib/armv6k/fpu/libsysbase.a(libsysbase_libsysbase_a-sbrk.o)
                0x001149d8                _sbrk_r
 .text.__libc_lock_acquire_recursive
                0x00114a50       0x1c /opt/devkitpro/devkitARM/lib/gcc/arm-none-eabi/15.2.0/../../../../arm-none-eabi/lib/armv6k/fpu/libsysbase.a(libsysbase_libsysbase_a-syscall_support.o)
                0x00114a50                __libc_lock_acquire_recursive
 .text.__libc_lock_release_recursive
                0x00114a6c       0x1c /opt/devkitpro/devkitARM/lib/gcc/arm-none-eabi/15.2.0/../../../../arm-none-eabi/lib/armv6k/fpu/libsysbase.a(libsysbase_libsysbase_a-syscall_support.o)
                0x00114a6c                __libc_lock_release_recursive
 .text.strrchr  0x00114a88       0x48 /opt/devkitpro/devkitARM/lib/gcc/arm-none-eabi/15.2.0/../../../../arm-none-eabi/lib/armv6k/fpu/libg.a(libc_a-strrchr.o)
                0x00114a88                strrchr
 *(.glue_7)
 .glue_7        0x00114ad0        0x0 linker stubs
 *(.glue_7t)
 .glue_7t       0x00114ad0        0x0 linker stubs
 *(.stub)
 *(.gnu.warning)
 *(.gnu.linkonce.t*)
                0x00114ad0                        . = ALIGN (0x4)
 *(.fini)
 .fini          0x00114ad0        0xc /opt/devkitpro/devkitARM/lib/gcc/arm-none-eabi/15.2.0/armv6k/fpu/crti.o
                0x00114ad0                _fini
 .fini          0x00114adc        0xc /opt/devkitpro/devkitARM/lib/gcc/arm-none-eabi/15.2.0/armv6k/fpu/crtn.o
                0x00114ae8                        . = ALIGN (0x4)

.vfp11_veneer   0x00114ae8        0x0
 .vfp11_veneer  0x00114ae8        0x0 linker stubs

.v4_bx          0x00114ae8        0x0
 .v4_bx         0x00114ae8        0x0 linker stubs

.iplt           0x00114ae8        0x0
 .iplt          0x00114ae8        0x0 /opt/devkitpro/devkitARM/lib/gcc/arm-none-eabi/15.2.0/../../../../arm-none-eabi/lib/armv6k/fpu/3dsx_crt0.o
                0x00115000                        . = ALIGN (0x1000)

.rodata         0x00115000      0x694
 *(.rodata)
 .rodata        0x00115000       0x68 /opt/devkitpro/libctru/lib/libcitro2d.a(text.o)
 .rodata        0x00115068        0xc /opt/devkitpro/libctru/lib/libctru.a(archive_dev.o)
 *(.roda)
 *(.rodata.*)
 .rodata.str1.4
                0x00115074      0x1f4 game.o
                                 0xba (size before relaxing)
 .rodata.str1.4
                0x00115268        0x0 menu.o
                                 0x68 (size before relaxing)
 .rodata.str1.4
                0x00115268        0x0 multiplayer.o
                                 0xae (size before relaxing)
 .rodata.str1.4
                0x00115268        0x0 /opt/devkitpro/libctru/lib/libcitro2d.a(base.o)
                                 0x10 (size before relaxing)
 .rodata.render2d_shbin
                0x00115268      0x18c /opt/devkitpro/libctru/lib/libcitro2d.a(render2d_shbin.o)
                0x00115268                render2d_shbin
                0x001153f4                render2d_shbin_end
 .rodata.depthFmtSizes
                0x001153f4        0x4 /opt/devkitpro/libctru/lib/libcitro3d.a(framebuffer.o)
 .rodata.colorFmtSizes
                0x001153f8        0x5 /opt/devkitpro/libctru/lib/libcitro3d.a(framebuffer.o)
 *fill*         0x001153fd        0x3 
 .rodata.CSWTCH.11
                0x00115400       0x10 /opt/devkitpro/libctru/lib/libcitro3d.a(proctex.o)
 .rodata.DVLE_GenerateOutmap.part.0
                0x00115410        0x9 /opt/devkitpro/libctru/lib/libctru.a(shbin.o)
 .rodata.aptEventHandler
                0x00115419        0xb /opt/devkitpro/libctru/lib/libctru.a(apt.o)
 .rodata.aptWaitForWakeUp.isra.0
                0x00115424       0x11 /opt/devkitpro/libctru/lib/libctru.a(apt.o)
 *fill*         0x00115435        0x3 
 .rodata.morton_y.2
                0x00115438        0x8 /opt/devkitpro/libctru/lib/libctru.a(apt.o)
 .rodata.morton_x.3
                0x00115440        0x8 /opt/devkitpro/libctru/lib/libctru.a(apt.o)
 .rodata.s_sleepWakeEvents.4
                0x00115448        0x8 /opt/devkitpro/libctru/lib/libctru.a(apt.o)
 .rodata.str1.4
                0x00115450        0x0 /opt/devkitpro/libctru/lib/libctru.a(apt.o)
                                 0x16 (size before relaxing)
 .rodata.serviceNameTable.5
                0x00115450        0xc /opt/devkitpro/libctru/lib/libctru.a(apt.o)
 .rodata.fsInit.str1.4
                0x0011545c        0x0 /opt/devkitpro/libctru/lib/libctru.a(fs.o)
                                  0x8 (size before relaxing)
 .rodata.gspInit.str1.4
                0x0011545c        0x0 /opt/devkitpro/libctru/lib/libctru.a(gspgpu.o)
                                  0x9 (size before relaxing)
 .rodata.hidInit.str1.4
                0x0011545c        0x0 /opt/devkitpro/libctru/lib/libctru.a(hid.o)
                                 0x15 (size before relaxing)
 .rodata.irrstInit.str1.4
                0x0011545c        0x0 /opt/devkitpro/libctru/lib/libctru.a(irrst.o)
                                  0x7 (size before relaxing)
 .rodata.ptmSysmInit.str1.4
                0x0011545c        0x0 /opt/devkitpro/libctru/lib/libctru.a(ptmsysm.o)
                                  0x9 (size before relaxing)
 .rodata.__system_initArgv.str1.4
                0x0011545c        0x0 /opt/devkitpro/libctru/lib/libctru.a(initArgv.o)
                                  0xa (size before relaxing)
 .rodata.srvInit.str1.4
                0x0011545c        0x0 /opt/devkitpro/libctru/lib/libctru.a(srv.o)
                                  0x5 (size before relaxing)
 .rodata.archive_utf16path.str1.4
                0x0011545c        0x0 /opt/devkitpro/libctru/lib/libctru.a(archive_dev.o)
                                  0x2 (size before relaxing)
 .rodata._archiveUnmountDeviceStruct.part.0.str1.4
                0x0011545c        0x0 /opt/devkitpro/libctru/lib/libctru.a(archive_dev.o)
                                  0x2 (size before relaxing)
 .rodata._archiveMountDevice.str1.4
                0x0011545c        0x0 /opt/devkitpro/libctru/lib/libctru.a(archive_dev.o)
                                  0xc (size before relaxing)
 .rodata.archiveMountSdmc.str1.4
                0x0011545c        0x0 /opt/devkitpro/libctru/lib/libctru.a(archive_dev.o)
                                  0x5 (size before relaxing)
 .rodata.error_table
                0x0011545c       0x30 /opt/devkitpro/libctru/lib/libctru.a(archive_dev.o)
 .rodata.str1.4
                0x0011548c        0x0 /opt/devkitpro/libctru/lib/libctru.a(archive_dev.o)
                                  0x8 (size before relaxing)
 .rodata.archive_devoptab
                0x0011548c       0x80 /opt/devkitpro/libctru/lib/libctru.a(archive_dev.o)
 .rodata._ctype_
                0x0011550c      0x101 /opt/devkitpro/devkitARM/lib/gcc/arm-none-eabi/15.2.0/../../../../arm-none-eabi/lib/armv6k/fpu/libg.a(libc_a-ctype_.o)
                0x0011550c                _ctype_
 .rodata.str1.4
                0x0011560d        0x0 /opt/devkitpro/devkitARM/lib/gcc/arm-none-eabi/15.2.0/../../../../arm-none-eabi/lib/armv6k/fpu/libsysbase.a(libsysbase_libsysbase_a-iosupport.o)
                                  0x8 (size before relaxing)
 *fill*         0x0011560d        0x3 
 .rodata.dotab_stdnull
                0x00115610       0x80 /opt/devkitpro/devkitARM/lib/gcc/arm-none-eabi/15.2.0/../../../../arm-none-eabi/lib/armv6k/fpu/libsysbase.a(libsysbase_libsysbase_a-iosupport.o)
                0x00115610                dotab_stdnull
 *all.rodata*(*)
 *(.gnu.linkonce.r*)
                0x00115690                        . = ALIGN (0x4)
                0x00115690                        __tdata_align = .
                0x00115690        0x4 LONG 0x4 ALIGNOF (.tdata)
                0x00115694                        . = ALIGN (0x4)

.eh_frame       0x00115694        0x0
 .eh_frame      0x00115694        0x0 /opt/devkitpro/devkitARM/lib/gcc/arm-none-eabi/15.2.0/armv6k/fpu/crtbegin.o

.rel.dyn        0x00115694        0x0
 .rel.iplt      0x00115694        0x0 /opt/devkitpro/devkitARM/lib/gcc/arm-none-eabi/15.2.0/../../../../arm-none-eabi/lib/armv6k/fpu/3dsx_crt0.o
 .rel.got       0x00115694        0x0 /opt/devkitpro/devkitARM/lib/gcc/arm-none-eabi/15.2.0/../../../../arm-none-eabi/lib/armv6k/fpu/3dsx_crt0.o

.ARM.extab
 *(.ARM.extab* .gnu.linkonce.armextab.*)
                0x00115694                        __exidx_start = .

.ARM.exidx
 *(.ARM.exidx* .gnu.linkonce.armexidx.*)
                0x00115694                        __exidx_end = .
                0x00116000                        . = ALIGN (0x1000)

.data           0x00116000      0xad0
 *(.data)
 .data          0x00116000        0x8 game.o
                0x00116000                currentPlayer
                0x00116004                selectedCol
 *(.data.*)
 .data.framerateCounter
                0x00116008        0x8 /opt/devkitpro/libctru/lib/libcitro3d.a(renderqueue.o)
 .data.framerate
                0x00116010        0x4 /opt/devkitpro/libctru/lib/libcitro3d.a(renderqueue.o)
 .data.queueLock
                0x00116014        0x4 /opt/devkitpro/libctru/lib/libctru.a(gxqueue.o)
 .data.aptChainloadDeliverArgSize
                0x00116018        0x4 /opt/devkitpro/libctru/lib/libctru.a(apt.o)
 .data.kCount   0x0011601c        0x4 /opt/devkitpro/libctru/lib/libctru.a(hid.o)
 .data.kInterval
                0x00116020        0x4 /opt/devkitpro/libctru/lib/libctru.a(hid.o)
 .data.kDelay   0x00116024        0x4 /opt/devkitpro/libctru/lib/libctru.a(hid.o)
 .data.__stacksize__
                0x00116028        0x4 /opt/devkitpro/libctru/lib/libctru.a(stack_adjust.o)
                0x00116028                __stacksize__
 .data._impure_ptr
                0x0011602c        0x4 /opt/devkitpro/devkitARM/lib/gcc/arm-none-eabi/15.2.0/../../../../arm-none-eabi/lib/armv6k/fpu/libg.a(libc_a-impure.o)
                0x0011602c                _impure_ptr
 .data._impure_data
                0x00116030      0x200 /opt/devkitpro/devkitARM/lib/gcc/arm-none-eabi/15.2.0/../../../../arm-none-eabi/lib/armv6k/fpu/libg.a(libc_a-impure.o)
                0x00116030                _impure_data
 .data.__malloc_sbrk_base
                0x00116230        0x4 /opt/devkitpro/devkitARM/lib/gcc/arm-none-eabi/15.2.0/../../../../arm-none-eabi/lib/armv6k/fpu/libg.a(libc_a-mallocr.o)
                0x00116230                __malloc_sbrk_base
 .data.__malloc_trim_threshold
                0x00116234        0x4 /opt/devkitpro/devkitARM/lib/gcc/arm-none-eabi/15.2.0/../../../../arm-none-eabi/lib/armv6k/fpu/libg.a(libc_a-mallocr.o)
                0x00116234                __malloc_trim_threshold
 .data.__malloc_av_
                0x00116238      0x408 /opt/devkitpro/devkitARM/lib/gcc/arm-none-eabi/15.2.0/../../../../arm-none-eabi/lib/armv6k/fpu/libg.a(libc_a-mallocr.o)
                0x00116238                __malloc_av_
 .data._current_working_directory
                0x00116640      0x400 /opt/devkitpro/devkitARM/lib/gcc/arm-none-eabi/15.2.0/../../../../arm-none-eabi/lib/armv6k/fpu/libsysbase.a(libsysbase_libsysbase_a-chdir.o)
 .data.devoptab_list
                0x00116a40       0x8c /opt/devkitpro/devkitARM/lib/gcc/arm-none-eabi/15.2.0/../../../../arm-none-eabi/lib/armv6k/fpu/libsysbase.a(libsysbase_libsysbase_a-iosupport.o)
                0x00116a40                devoptab_list
 .data.defaultDevice
                0x00116acc        0x4 /opt/devkitpro/devkitARM/lib/gcc/arm-none-eabi/15.2.0/../../../../arm-none-eabi/lib/armv6k/fpu/libsysbase.a(libsysbase_libsysbase_a-iosupport.o)
 *(.gnu.linkonce.d*)
                0x00116ad0                        . = ALIGN (0x4)

.igot.plt       0x00116ad0        0x0
 .igot.plt      0x00116ad0        0x0 /opt/devkitpro/devkitARM/lib/gcc/arm-none-eabi/15.2.0/../../../../arm-none-eabi/lib/armv6k/fpu/3dsx_crt0.o

.got            0x00116ad0        0x8
 .got           0x00116ad0        0x8 /opt/devkitpro/devkitARM/lib/gcc/arm-none-eabi/15.2.0/../../../../arm-none-eabi/lib/armv6k/fpu/3dsx_crt0.o

.got.plt        0x00116ad8        0xc
 .got.plt       0x00116ad8        0xc /opt/devkitpro/devkitARM/lib/gcc/arm-none-eabi/15.2.0/../../../../arm-none-eabi/lib/armv6k/fpu/3dsx_crt0.o
                0x00116ad8                _GLOBAL_OFFSET_TABLE_

.tdata          0x00116ae4        0x0
                0x00116ae4                        __tdata_lma = .
 *(.tdata)
 *(.tdata.*)
 *(.gnu.linkonce.td.*)
                0x00116ae4                        . = ALIGN (0x4)
                0x00116ae4                        __tdata_lma_end = .

.tbss           0x00116ae4      0xc08
 *(.tbss)
 *(.tbss.*)
 .tbss.__ctru_dev_utf16_buf
                0x00116ae4      0x802 /opt/devkitpro/libctru/lib/libctru.a(path_buf.o)
                0x00116ae4                __ctru_dev_utf16_buf
 *fill*         0x001172e6        0x2 
 .tbss.__ctru_dev_path_buf
                0x001172e8      0x401 /opt/devkitpro/libctru/lib/libctru.a(path_buf.o)
                0x001172e8                __ctru_dev_path_buf
 *(.gnu.linkonce.tb.*)
 *(.tcommon)
                0x001176ec                        . = ALIGN (0x4)
 *fill*         0x001176e9        0x3 

.preinit_array  0x00116ae4        0x0
                0x00116ae4                        PROVIDE (__preinit_array_start = .)
 *(.preinit_array)
                0x00116ae4                        PROVIDE (__preinit_array_end = .)

.init_array     0x00116ae4        0x4
                0x00116ae4                        PROVIDE (__init_array_start = .)
 *(SORT_BY_NAME(.init_array.*))
 *(.init_array)
 .init_array    0x00116ae4        0x4 /opt/devkitpro/devkitARM/lib/gcc/arm-none-eabi/15.2.0/armv6k/fpu/crtbegin.o
                0x00116ae8                        PROVIDE (__init_array_end = .)

.fini_array     0x00116ae8        0x4
                0x00116ae8                        PROVIDE (__fini_array_start = .)
 *(.fini_array)
 .fini_array    0x00116ae8        0x4 /opt/devkitpro/devkitARM/lib/gcc/arm-none-eabi/15.2.0/armv6k/fpu/crtbegin.o
 *(SORT_BY_NAME(.fini_array.*))
                0x00116aec                        PROVIDE (__fini_array_end = .)

.ctors
 *crtbegin.o(.ctors)
 *(EXCLUDE_FILE(*crtend.o) .ctors)
 *(SORT_BY_NAME(.ctors.*))
 *(.ctors)

.dtors
 *crtbegin.o(.dtors)
 *(EXCLUDE_FILE(*crtend.o) .dtors)
 *(SORT_BY_NAME(.dtors.*))
 *(.dtors)
                0x00116aec                        __bss_start__ = .

.bss            0x00116aec     0x4780
 *(.dynbss)
 *(.bss)
 .bss           0x00116aec      0x15c game.o
                0x00116aec                board
                0x00116b94                gameTextBuf
                0x00116b98                textHumanTurn
                0x00116bb4                textAITurn
                0x00116bd0                textWinRed
                0x00116bec                textWinYellow
                0x00116c08                textDraw
                0x00116c24                textgControls
                0x00116c40                gameState
                0x00116c41                isAIThinking
 .bss           0x00116c48       0xb1 menu.o
                0x00116c48                menuTextBuf
                0x00116c4c                textTitle
                0x00116c68                textPlay
                0x00116c84                textMulti
                0x00116ca0                textExit
                0x00116cbc                textControls
                0x00116cd8                textAuther
                0x00116cf4                menuSelection
                0x00116cf8                wasTouching
 *fill*         0x00116cf9        0x3 
 .bss           0x00116cfc       0xad multiplayer.o
                0x00116cfc                mgameTextBuf
                0x00116d00                mtextRedTurn
                0x00116d1c                mtextYellowTurn
                0x00116d38                mtextWinRed
                0x00116d54                mtextWinYellow
                0x00116d70                mtextDraw
                0x00116d8c                mtextControls
                0x00116da8                wasTouchingMulti
 *fill*         0x00116da9        0x7 
 .bss           0x00116db0      0x630 /opt/devkitpro/libctru/lib/libcitro2d.a(base.o)
                0x00116db0                __C2Di_Context
 .bss           0x001173e0        0x8 /opt/devkitpro/libctru/lib/libcitro2d.a(text.o)
 *(.bss.*)
 .bss.completed.1
                0x001173e8        0x1 /opt/devkitpro/devkitARM/lib/gcc/arm-none-eabi/15.2.0/armv6k/fpu/crtbegin.o
 *fill*         0x001173e9        0x3 
 .bss.object.0  0x001173ec       0x18 /opt/devkitpro/devkitARM/lib/gcc/arm-none-eabi/15.2.0/armv6k/fpu/crtbegin.o
 .bss.hookCookie
                0x00117404        0xc /opt/devkitpro/libctru/lib/libcitro3d.a(base.o)
 .bss.__C3D_Context
                0x00117410      0x2d0 /opt/devkitpro/libctru/lib/libcitro3d.a(base.o)
                0x00117410                __C3D_Context
 .bss.frameEndCbData
                0x001176e0        0x4 /opt/devkitpro/libctru/lib/libcitro3d.a(renderqueue.o)
 .bss.frameEndCb
                0x001176e4        0x4 /opt/devkitpro/libctru/lib/libcitro3d.a(renderqueue.o)
 .bss.frameCounter
                0x001176e8        0x8 /opt/devkitpro/libctru/lib/libcitro3d.a(renderqueue.o)
 .bss.isTopStereo
                0x001176f0        0x1 /opt/devkitpro/libctru/lib/libcitro3d.a(renderqueue.o)
 .bss.needSwapBot
                0x001176f1        0x1 /opt/devkitpro/libctru/lib/libcitro3d.a(renderqueue.o)
 .bss.needSwapTop
                0x001176f2        0x1 /opt/devkitpro/libctru/lib/libcitro3d.a(renderqueue.o)
 .bss.measureGpuTime
                0x001176f3        0x1 /opt/devkitpro/libctru/lib/libcitro3d.a(renderqueue.o)
 .bss.inSafeTransfer
                0x001176f4        0x1 /opt/devkitpro/libctru/lib/libcitro3d.a(renderqueue.o)
 .bss.inFrame   0x001176f5        0x1 /opt/devkitpro/libctru/lib/libcitro3d.a(renderqueue.o)
 *fill*         0x001176f6        0x2 
 .bss.cpuTime   0x001176f8       0x10 /opt/devkitpro/libctru/lib/libcitro3d.a(renderqueue.o)
 .bss.gpuTime   0x00117708       0x10 /opt/devkitpro/libctru/lib/libcitro3d.a(renderqueue.o)
 .bss.linkedTarget
                0x00117718        0xc /opt/devkitpro/libctru/lib/libcitro3d.a(renderqueue.o)
 .bss.lastTarget
                0x00117724        0x4 /opt/devkitpro/libctru/lib/libcitro3d.a(renderqueue.o)
 .bss.firstTarget
                0x00117728        0x4 /opt/devkitpro/libctru/lib/libcitro3d.a(renderqueue.o)
 .bss.C3Di_IVUnifEverDirty
                0x0011772c        0x8 /opt/devkitpro/libctru/lib/libcitro3d.a(uniforms.o)
 .bss.C3Di_FVUnifEverDirty
                0x00117734       0xc0 /opt/devkitpro/libctru/lib/libcitro3d.a(uniforms.o)
 .bss.C3Di_ShaderFVecData
                0x001177f4       0x18 /opt/devkitpro/libctru/lib/libcitro3d.a(uniforms.o)
 .bss.C3D_BoolUnifsDirty
                0x0011780c        0x2 /opt/devkitpro/libctru/lib/libcitro3d.a(uniforms.o)
                0x0011780c                C3D_BoolUnifsDirty
 *fill*         0x0011780e        0x2 
 .bss.C3D_IVUnifDirty
                0x00117810        0x8 /opt/devkitpro/libctru/lib/libcitro3d.a(uniforms.o)
                0x00117810                C3D_IVUnifDirty
 .bss.C3D_FVUnifDirty
                0x00117818       0xc0 /opt/devkitpro/libctru/lib/libcitro3d.a(uniforms.o)
                0x00117818                C3D_FVUnifDirty
 .bss.C3D_BoolUnifs
                0x001178d8        0x4 /opt/devkitpro/libctru/lib/libcitro3d.a(uniforms.o)
                0x001178d8                C3D_BoolUnifs
 .bss.C3D_IVUnif
                0x001178dc       0x20 /opt/devkitpro/libctru/lib/libcitro3d.a(uniforms.o)
                0x001178dc                C3D_IVUnif
 .bss.C3D_FVUnif
                0x001178fc      0xc00 /opt/devkitpro/libctru/lib/libcitro3d.a(uniforms.o)
                0x001178fc                C3D_FVUnif
 *fill*         0x001184fc        0x4 
 .bss._ZL11sLinearPool
                0x00118500        0x8 /opt/devkitpro/libctru/lib/libctru.a(linear.o)
 .bss._ZL8sAddrMap
                0x00118508        0xc /opt/devkitpro/libctru/lib/libctru.a(linear.o)
 *fill*         0x00118514        0x4 
 .bss._ZL10sVramPoolB
                0x00118518        0x8 /opt/devkitpro/libctru/lib/libctru.a(vram.o)
 .bss._ZL10sVramPoolA
                0x00118520        0x8 /opt/devkitpro/libctru/lib/libctru.a(vram.o)
 .bss._ZL8sAddrMap
                0x00118528        0xc /opt/devkitpro/libctru/lib/libctru.a(vram.o)
 .bss.sharedFontAddr
                0x00118534        0x4 /opt/devkitpro/libctru/lib/libctru.a(font.o)
 .bss.g_sharedFont
                0x00118538        0x4 /opt/devkitpro/libctru/lib/libctru.a(font.o)
                0x00118538                g_sharedFont
 .bss.screenAlloc
                0x0011853c        0x4 /opt/devkitpro/libctru/lib/libctru.a(gfx.o)
 .bss.screenFree
                0x00118540        0x4 /opt/devkitpro/libctru/lib/libctru.a(gfx.o)
 .bss.gfxIsDoubleBuf
                0x00118544        0x2 /opt/devkitpro/libctru/lib/libctru.a(gfx.o)
 *fill*         0x00118546        0x2 
 .bss.gfxCurBuf
                0x00118548        0x2 /opt/devkitpro/libctru/lib/libctru.a(gfx.o)
 .bss.gfxIsVram
                0x0011854a        0x1 /opt/devkitpro/libctru/lib/libctru.a(gfx.o)
 .bss.gfxTopMode
                0x0011854b        0x1 /opt/devkitpro/libctru/lib/libctru.a(gfx.o)
 .bss.gfxFramebufferFormats
                0x0011854c        0x2 /opt/devkitpro/libctru/lib/libctru.a(gfx.o)
 *fill*         0x0011854e        0x2 
 .bss.gfxBottomFramebufferMaxSize
                0x00118550        0x4 /opt/devkitpro/libctru/lib/libctru.a(gfx.o)
 .bss.gfxTopFramebufferMaxSize
                0x00118554        0x4 /opt/devkitpro/libctru/lib/libctru.a(gfx.o)
 .bss.gfxBottomFramebuffers
                0x00118558        0x8 /opt/devkitpro/libctru/lib/libctru.a(gfx.o)
 .bss.gfxTopFramebuffers
                0x00118560        0x8 /opt/devkitpro/libctru/lib/libctru.a(gfx.o)
 .bss.__ctru_speedup
                0x00118568        0x1 /opt/devkitpro/libctru/lib/libctru.a(os.o)
                0x00118568                __ctru_speedup
 *fill*         0x00118569        0x3 
 .bss.gpuCmdBufOffset
                0x0011856c        0x4 /opt/devkitpro/libctru/lib/libctru.a(gpu.o)
                0x0011856c                gpuCmdBufOffset
 .bss.gpuCmdBufSize
                0x00118570        0x4 /opt/devkitpro/libctru/lib/libctru.a(gpu.o)
                0x00118570                gpuCmdBufSize
 .bss.gpuCmdBuf
                0x00118574        0x4 /opt/devkitpro/libctru/lib/libctru.a(gpu.o)
                0x00118574                gpuCmdBuf
 .bss.boundQueue
                0x00118578        0x4 /opt/devkitpro/libctru/lib/libctru.a(gx.o)
 .bss.shouldStop
                0x0011857c        0x1 /opt/devkitpro/libctru/lib/libctru.a(gxqueue.o)
 .bss.isRunning
                0x0011857d        0x1 /opt/devkitpro/libctru/lib/libctru.a(gxqueue.o)
 .bss.isActive  0x0011857e        0x1 /opt/devkitpro/libctru/lib/libctru.a(gxqueue.o)
 *fill*         0x0011857f        0x1 
 .bss.curQueue  0x00118580        0x4 /opt/devkitpro/libctru/lib/libctru.a(gxqueue.o)
 .bss.flagValue.0
                0x00118584        0x1 /opt/devkitpro/libctru/lib/libctru.a(apt.o)
 .bss.flagInit.1
                0x00118585        0x1 /opt/devkitpro/libctru/lib/libctru.a(apt.o)
 *fill*         0x00118586        0x2 
 .bss.serviceName.6
                0x00118588        0x4 /opt/devkitpro/libctru/lib/libctru.a(apt.o)
 .bss.aptChainloadFlags
                0x0011858c        0x1 /opt/devkitpro/libctru/lib/libctru.a(apt.o)
 .bss.aptChainloadMediatype
                0x0011858d        0x1 /opt/devkitpro/libctru/lib/libctru.a(apt.o)
 *fill*         0x0011858e        0x2 
 .bss.aptChainloadHmac
                0x00118590       0x20 /opt/devkitpro/libctru/lib/libctru.a(apt.o)
 .bss.aptChainloadDeliverArg
                0x001185b0      0x300 /opt/devkitpro/libctru/lib/libctru.a(apt.o)
 .bss.aptChainloadTid
                0x001188b0        0x8 /opt/devkitpro/libctru/lib/libctru.a(apt.o)
 .bss.aptParameters
                0x001188b8     0x1000 /opt/devkitpro/libctru/lib/libctru.a(apt.o)
 .bss.aptFlags  0x001198b8        0x4 /opt/devkitpro/libctru/lib/libctru.a(apt.o)
 .bss.aptHomeButtonState
                0x001198bc        0x1 /opt/devkitpro/libctru/lib/libctru.a(apt.o)
 *fill*         0x001198bd        0x3 
 .bss.aptMessageFuncData
                0x001198c0        0x4 /opt/devkitpro/libctru/lib/libctru.a(apt.o)
 .bss.aptMessageFunc
                0x001198c4        0x4 /opt/devkitpro/libctru/lib/libctru.a(apt.o)
 .bss.aptFirstHook
                0x001198c8        0xc /opt/devkitpro/libctru/lib/libctru.a(apt.o)
 .bss.aptEventHandlerThreadQuit
                0x001198d4        0x1 /opt/devkitpro/libctru/lib/libctru.a(apt.o)
 *fill*         0x001198d5        0x3 
 .bss.aptEventHandlerThread
                0x001198d8        0x4 /opt/devkitpro/libctru/lib/libctru.a(apt.o)
 .bss.aptSleepEvent
                0x001198dc        0x8 /opt/devkitpro/libctru/lib/libctru.a(apt.o)
 .bss.aptReceiveEvent
                0x001198e4        0x8 /opt/devkitpro/libctru/lib/libctru.a(apt.o)
 .bss.aptEvents
                0x001198ec        0x8 /opt/devkitpro/libctru/lib/libctru.a(apt.o)
 .bss.aptLockHandle
                0x001198f4        0x4 /opt/devkitpro/libctru/lib/libctru.a(apt.o)
 .bss.aptRefCount
                0x001198f8        0x4 /opt/devkitpro/libctru/lib/libctru.a(apt.o)
 *fill*         0x001198fc        0x4 
 .bss.fsExemptArchives
                0x00119900       0x80 /opt/devkitpro/libctru/lib/libctru.a(fs.o)
 .bss.fsuRefCount
                0x00119980        0x4 /opt/devkitpro/libctru/lib/libctru.a(fs.o)
 .bss.fsuHandle
                0x00119984        0x4 /opt/devkitpro/libctru/lib/libctru.a(fs.o)
 .bss.gspEventCbOneShot
                0x00119988        0x7 /opt/devkitpro/libctru/lib/libctru.a(gspgpu.o)
 *fill*         0x0011998f        0x1 
 .bss.gspEventCbData
                0x00119990       0x1c /opt/devkitpro/libctru/lib/libctru.a(gspgpu.o)
 .bss.gspEventCb
                0x001199ac       0x1c /opt/devkitpro/libctru/lib/libctru.a(gspgpu.o)
 .bss.gspEvents
                0x001199c8       0x38 /opt/devkitpro/libctru/lib/libctru.a(gspgpu.o)
 .bss.gspLastEvent